Archive member included because of file (symbol)

c:/program files/atmel/atmel studio 6.0/extensions/atmel/avrgcc/3.4.0.65/avrtoolchain/bin/../lib/gcc/avr/4.6.2/../../../../avr/lib/avrxmega7\libm.a(cmpsf2.o)
                              adc.o (__ltsf2)
c:/program files/atmel/atmel studio 6.0/extensions/atmel/avrgcc/3.4.0.65/avrtoolchain/bin/../lib/gcc/avr/4.6.2/../../../../avr/lib/avrxmega7\libm.a(divsf3.o)
                              pwr_adjust.o (__divsf3)
c:/program files/atmel/atmel studio 6.0/extensions/atmel/avrgcc/3.4.0.65/avrtoolchain/bin/../lib/gcc/avr/4.6.2/../../../../avr/lib/avrxmega7\libm.a(divsf3x.o)
                              c:/program files/atmel/atmel studio 6.0/extensions/atmel/avrgcc/3.4.0.65/avrtoolchain/bin/../lib/gcc/avr/4.6.2/../../../../avr/lib/avrxmega7\libm.a(divsf3.o) (__divsf3x)
c:/program files/atmel/atmel studio 6.0/extensions/atmel/avrgcc/3.4.0.65/avrtoolchain/bin/../lib/gcc/avr/4.6.2/../../../../avr/lib/avrxmega7\libm.a(fixsfsi.o)
                              adc.o (__fixsfsi)
c:/program files/atmel/atmel studio 6.0/extensions/atmel/avrgcc/3.4.0.65/avrtoolchain/bin/../lib/gcc/avr/4.6.2/../../../../avr/lib/avrxmega7\libm.a(fixunssfsi.o)
                              c:/program files/atmel/atmel studio 6.0/extensions/atmel/avrgcc/3.4.0.65/avrtoolchain/bin/../lib/gcc/avr/4.6.2/../../../../avr/lib/avrxmega7\libm.a(fixsfsi.o) (__fixunssfsi)
c:/program files/atmel/atmel studio 6.0/extensions/atmel/avrgcc/3.4.0.65/avrtoolchain/bin/../lib/gcc/avr/4.6.2/../../../../avr/lib/avrxmega7\libm.a(floatsisf.o)
                              adc.o (__floatunsisf)
c:/program files/atmel/atmel studio 6.0/extensions/atmel/avrgcc/3.4.0.65/avrtoolchain/bin/../lib/gcc/avr/4.6.2/../../../../avr/lib/avrxmega7\libm.a(fp_cmp.o)
                              c:/program files/atmel/atmel studio 6.0/extensions/atmel/avrgcc/3.4.0.65/avrtoolchain/bin/../lib/gcc/avr/4.6.2/../../../../avr/lib/avrxmega7\libm.a(cmpsf2.o) (__fp_cmp)
c:/program files/atmel/atmel studio 6.0/extensions/atmel/avrgcc/3.4.0.65/avrtoolchain/bin/../lib/gcc/avr/4.6.2/../../../../avr/lib/avrxmega7\libm.a(fp_inf.o)
                              c:/program files/atmel/atmel studio 6.0/extensions/atmel/avrgcc/3.4.0.65/avrtoolchain/bin/../lib/gcc/avr/4.6.2/../../../../avr/lib/avrxmega7\libm.a(divsf3x.o) (__fp_inf)
c:/program files/atmel/atmel studio 6.0/extensions/atmel/avrgcc/3.4.0.65/avrtoolchain/bin/../lib/gcc/avr/4.6.2/../../../../avr/lib/avrxmega7\libm.a(fp_nan.o)
                              c:/program files/atmel/atmel studio 6.0/extensions/atmel/avrgcc/3.4.0.65/avrtoolchain/bin/../lib/gcc/avr/4.6.2/../../../../avr/lib/avrxmega7\libm.a(divsf3x.o) (__fp_nan)
c:/program files/atmel/atmel studio 6.0/extensions/atmel/avrgcc/3.4.0.65/avrtoolchain/bin/../lib/gcc/avr/4.6.2/../../../../avr/lib/avrxmega7\libm.a(fp_pscA.o)
                              c:/program files/atmel/atmel studio 6.0/extensions/atmel/avrgcc/3.4.0.65/avrtoolchain/bin/../lib/gcc/avr/4.6.2/../../../../avr/lib/avrxmega7\libm.a(divsf3x.o) (__fp_pscA)
c:/program files/atmel/atmel studio 6.0/extensions/atmel/avrgcc/3.4.0.65/avrtoolchain/bin/../lib/gcc/avr/4.6.2/../../../../avr/lib/avrxmega7\libm.a(fp_pscB.o)
                              c:/program files/atmel/atmel studio 6.0/extensions/atmel/avrgcc/3.4.0.65/avrtoolchain/bin/../lib/gcc/avr/4.6.2/../../../../avr/lib/avrxmega7\libm.a(divsf3x.o) (__fp_pscB)
c:/program files/atmel/atmel studio 6.0/extensions/atmel/avrgcc/3.4.0.65/avrtoolchain/bin/../lib/gcc/avr/4.6.2/../../../../avr/lib/avrxmega7\libm.a(fp_round.o)
                              c:/program files/atmel/atmel studio 6.0/extensions/atmel/avrgcc/3.4.0.65/avrtoolchain/bin/../lib/gcc/avr/4.6.2/../../../../avr/lib/avrxmega7\libm.a(divsf3.o) (__fp_round)
c:/program files/atmel/atmel studio 6.0/extensions/atmel/avrgcc/3.4.0.65/avrtoolchain/bin/../lib/gcc/avr/4.6.2/../../../../avr/lib/avrxmega7\libm.a(fp_split3.o)
                              c:/program files/atmel/atmel studio 6.0/extensions/atmel/avrgcc/3.4.0.65/avrtoolchain/bin/../lib/gcc/avr/4.6.2/../../../../avr/lib/avrxmega7\libm.a(divsf3x.o) (__fp_split3)
c:/program files/atmel/atmel studio 6.0/extensions/atmel/avrgcc/3.4.0.65/avrtoolchain/bin/../lib/gcc/avr/4.6.2/../../../../avr/lib/avrxmega7\libm.a(fp_zero.o)
                              c:/program files/atmel/atmel studio 6.0/extensions/atmel/avrgcc/3.4.0.65/avrtoolchain/bin/../lib/gcc/avr/4.6.2/../../../../avr/lib/avrxmega7\libm.a(fixunssfsi.o) (__fp_zero)
c:/program files/atmel/atmel studio 6.0/extensions/atmel/avrgcc/3.4.0.65/avrtoolchain/bin/../lib/gcc/avr/4.6.2/../../../../avr/lib/avrxmega7\libm.a(mulsf3.o)
                              adc.o (__mulsf3)
c:/program files/atmel/atmel studio 6.0/extensions/atmel/avrgcc/3.4.0.65/avrtoolchain/bin/../lib/gcc/avr/4.6.2/../../../../avr/lib/avrxmega7\libm.a(mulsf3x.o)
                              c:/program files/atmel/atmel studio 6.0/extensions/atmel/avrgcc/3.4.0.65/avrtoolchain/bin/../lib/gcc/avr/4.6.2/../../../../avr/lib/avrxmega7\libm.a(mulsf3.o) (__mulsf3x)
c:/program files/atmel/atmel studio 6.0/extensions/atmel/avrgcc/3.4.0.65/avrtoolchain/bin/../lib/gcc/avr/4.6.2/avrxmega7\libgcc.a(_exit.o)
                              c:/program files/atmel/atmel studio 6.0/extensions/atmel/avrgcc/3.4.0.65/avrtoolchain/bin/../lib/gcc/avr/4.6.2/../../../../avr/lib/avrxmega7/crtx128a1.o (exit)
c:/program files/atmel/atmel studio 6.0/extensions/atmel/avrgcc/3.4.0.65/avrtoolchain/bin/../lib/gcc/avr/4.6.2/avrxmega7\libgcc.a(_copy_data.o)
                              adc.o (__do_copy_data)
c:/program files/atmel/atmel studio 6.0/extensions/atmel/avrgcc/3.4.0.65/avrtoolchain/bin/../lib/gcc/avr/4.6.2/avrxmega7\libgcc.a(_clear_bss.o)
                              adc.o (__do_clear_bss)
c:/program files/atmel/atmel studio 6.0/extensions/atmel/avrgcc/3.4.0.65/avrtoolchain/bin/../lib/gcc/avr/4.6.2/../../../../avr/lib/avrxmega7\libc.a(atoi.o)
                              lcd_console.o (atoi)
c:/program files/atmel/atmel studio 6.0/extensions/atmel/avrgcc/3.4.0.65/avrtoolchain/bin/../lib/gcc/avr/4.6.2/../../../../avr/lib/avrxmega7\libc.a(mul10.o)
                              c:/program files/atmel/atmel studio 6.0/extensions/atmel/avrgcc/3.4.0.65/avrtoolchain/bin/../lib/gcc/avr/4.6.2/../../../../avr/lib/avrxmega7\libc.a(atoi.o) (__mulhi_const_10)
c:/program files/atmel/atmel studio 6.0/extensions/atmel/avrgcc/3.4.0.65/avrtoolchain/bin/../lib/gcc/avr/4.6.2/../../../../avr/lib/avrxmega7\libc.a(utoa.o)
                              adc.o (utoa)
c:/program files/atmel/atmel studio 6.0/extensions/atmel/avrgcc/3.4.0.65/avrtoolchain/bin/../lib/gcc/avr/4.6.2/../../../../avr/lib/avrxmega7\libc.a(eerd_block_atxmega128a1.o)
                              eeprom.o (__eerd_block_x128a1)
c:/program files/atmel/atmel studio 6.0/extensions/atmel/avrgcc/3.4.0.65/avrtoolchain/bin/../lib/gcc/avr/4.6.2/../../../../avr/lib/avrxmega7\libc.a(eerd_byte_atxmega128a1.o)
                              eeprom.o (__eerd_byte_x128a1)
c:/program files/atmel/atmel studio 6.0/extensions/atmel/avrgcc/3.4.0.65/avrtoolchain/bin/../lib/gcc/avr/4.6.2/../../../../avr/lib/avrxmega7\libc.a(eewr_block_atxmega128a1.o)
                              eeprom.o (__eewr_block_x128a1)
c:/program files/atmel/atmel studio 6.0/extensions/atmel/avrgcc/3.4.0.65/avrtoolchain/bin/../lib/gcc/avr/4.6.2/../../../../avr/lib/avrxmega7\libc.a(eewr_byte_atxmega128a1.o)
                              eeprom.o (__eewr_byte_x128a1)
c:/program files/atmel/atmel studio 6.0/extensions/atmel/avrgcc/3.4.0.65/avrtoolchain/bin/../lib/gcc/avr/4.6.2/../../../../avr/lib/avrxmega7\libc.a(memcpy.o)
                              c:/program files/atmel/atmel studio 6.0/extensions/atmel/avrgcc/3.4.0.65/avrtoolchain/bin/../lib/gcc/avr/4.6.2/../../../../avr/lib/avrxmega7\libc.a(eerd_block_atxmega128a1.o) (memcpy)
c:/program files/atmel/atmel studio 6.0/extensions/atmel/avrgcc/3.4.0.65/avrtoolchain/bin/../lib/gcc/avr/4.6.2/../../../../avr/lib/avrxmega7\libc.a(strrev.o)
                              c:/program files/atmel/atmel studio 6.0/extensions/atmel/avrgcc/3.4.0.65/avrtoolchain/bin/../lib/gcc/avr/4.6.2/../../../../avr/lib/avrxmega7\libc.a(utoa.o) (strrev)
c:/program files/atmel/atmel studio 6.0/extensions/atmel/avrgcc/3.4.0.65/avrtoolchain/bin/../lib/gcc/avr/4.6.2/avrxmega7\libgcc.a(_udivmodhi4.o)
                              c:/program files/atmel/atmel studio 6.0/extensions/atmel/avrgcc/3.4.0.65/avrtoolchain/bin/../lib/gcc/avr/4.6.2/../../../../avr/lib/avrxmega7\libc.a(utoa.o) (__udivmodhi4)

Allocating common symbols
Common symbol       size              file

fp_button_time2     0x1               brain.o
uart_itail          0x6               uart_buffer.o
adc_current_offset  0x10              adc.o
fp_master_status    0x1               brain.o
pwr_adj_send_channels
                    0x1               brain.o
uart_ibuffer        0xc00             uart_buffer.o
lcd_flow_reboot     0x1               brain.o
fp_rot_status       0x1               brain.o
lcd_console         0x358             adc.o
STATE_power_channels
                    0x1               adc.o
fp_counter          0x1               brain.o
uart_head           0x6               uart_buffer.o
fp_button_time1     0x1               brain.o
STATE_menu          0x1               adc.o
pwr_adj_left_right  0x1               brain.o
pwr_adj_channel_num_in_progress
                    0x1               brain.o
lcd_console_set_value
                    0x5               adc.o
STATE_power_output  0x1               adc.o
lcd_last_touch_command
                    0x1               brain.o
fp_channel_mask     0x1               brain.o
quad_state          0x1               brain.o
_audio_volume       0x1               ui.o
uart_buffer         0xc00             uart_buffer.o
lcd_console_meter_value
                    0xc               adc.o
_audio_num_beeps    0x1               ui.o
fp_counter2         0x1               brain.o
fp_updown           0x1               brain.o
uart_ihead          0x6               uart_buffer.o
lcd_console_channel
                    0x1               adc.o
adc_results         0x100             adc.o
quad_count          0x2               brain.o
lcd_touch_buffer    0x7               brain.o
uart_tail           0x6               uart_buffer.o
fp_press_counter    0x2               brain.o
fp_button_time0     0x1               brain.o
adc_head            0x1               adc.o
lcd_console_value_1
                    0x1               adc.o
STATE_lcd_console   0x1               adc.o
adc_bank            0x1               adc.o
lcd_console_command
                    0x1               adc.o
pwr_adj_spi_state   0x1               brain.o
lcd_flow_control    0x1               brain.o
pwr_adj_channel_dirty
                    0x1               brain.o
lcd_console_head    0x1               adc.o
pwr_adj_values      0x10              brain.o
_audio_counter      0x1               ui.o
lcd_buffer_dirty    0x8               adc.o

Memory Configuration

Name             Origin             Length             Attributes
text             0x00000000         0x00100000         xr
data             0x00802000         0x0000ffa0         rw !x
eeprom           0x00810000         0x00010000         rw !x
fuse             0x00820000         0x00000400         rw !x
lock             0x00830000         0x00000400         rw !x
signature        0x00840000         0x00000400         rw !x
*default*        0x00000000         0xffffffff

Linker script and memory map

LOAD c:/program files/atmel/atmel studio 6.0/extensions/atmel/avrgcc/3.4.0.65/avrtoolchain/bin/../lib/gcc/avr/4.6.2/../../../../avr/lib/avrxmega7/crtx128a1.o
LOAD adc.o
LOAD brain.o
LOAD eeprom.o
LOAD fp.o
LOAD lcd.o
LOAD lcd_console.o
LOAD lcd_touch.o
LOAD pwr_adjust.o
LOAD pwr_main.o
LOAD main.o
LOAD quadrature.o
LOAD thermal.o
LOAD uart.o
LOAD uart_buffer.o
LOAD ui.o
START GROUP
LOAD c:/program files/atmel/atmel studio 6.0/extensions/atmel/avrgcc/3.4.0.65/avrtoolchain/bin/../lib/gcc/avr/4.6.2/../../../../avr/lib/avrxmega7\libm.a
END GROUP
LOAD c:/program files/atmel/atmel studio 6.0/extensions/atmel/avrgcc/3.4.0.65/avrtoolchain/bin/../lib/gcc/avr/4.6.2/avrxmega7\libgcc.a
LOAD c:/program files/atmel/atmel studio 6.0/extensions/atmel/avrgcc/3.4.0.65/avrtoolchain/bin/../lib/gcc/avr/4.6.2/../../../../avr/lib/avrxmega7\libc.a
LOAD c:/program files/atmel/atmel studio 6.0/extensions/atmel/avrgcc/3.4.0.65/avrtoolchain/bin/../lib/gcc/avr/4.6.2/avrxmega7\libgcc.a

.hash
 *(.hash)

.dynsym
 *(.dynsym)

.dynstr
 *(.dynstr)

.gnu.version
 *(.gnu.version)

.gnu.version_d
 *(.gnu.version_d)

.gnu.version_r
 *(.gnu.version_r)

.rel.init
 *(.rel.init)

.rela.init
 *(.rela.init)

.rel.text
 *(.rel.text)
 *(.rel.text.*)
 *(.rel.gnu.linkonce.t*)

.rela.text
 *(.rela.text)
 *(.rela.text.*)
 *(.rela.gnu.linkonce.t*)

.rel.fini
 *(.rel.fini)

.rela.fini
 *(.rela.fini)

.rel.rodata
 *(.rel.rodata)
 *(.rel.rodata.*)
 *(.rel.gnu.linkonce.r*)

.rela.rodata
 *(.rela.rodata)
 *(.rela.rodata.*)
 *(.rela.gnu.linkonce.r*)

.rel.data
 *(.rel.data)
 *(.rel.data.*)
 *(.rel.gnu.linkonce.d*)

.rela.data
 *(.rela.data)
 *(.rela.data.*)
 *(.rela.gnu.linkonce.d*)

.rel.ctors
 *(.rel.ctors)

.rela.ctors
 *(.rela.ctors)

.rel.dtors
 *(.rel.dtors)

.rela.dtors
 *(.rela.dtors)

.rel.got
 *(.rel.got)

.rela.got
 *(.rela.got)

.rel.bss
 *(.rel.bss)

.rela.bss
 *(.rela.bss)

.rel.plt
 *(.rel.plt)

.rela.plt
 *(.rela.plt)

.text           0x00000000     0x6648
 *(.vectors)
 .vectors       0x00000000      0x1f4 c:/program files/atmel/atmel studio 6.0/extensions/atmel/avrgcc/3.4.0.65/avrtoolchain/bin/../lib/gcc/avr/4.6.2/../../../../avr/lib/avrxmega7/crtx128a1.o
                0x00000000                __vector_default
                0x00000000                __vectors
 *(.vectors)
 *(.progmem.gcc*)
 *(.progmem*)
                0x000001f4                . = ALIGN (0x2)
                0x000001f4                __trampolines_start = .
 *(.trampolines)
 .trampolines   0x000001f4        0x0 linker stubs
 *(.trampolines*)
                0x000001f4                __trampolines_end = .
 *(.jumptables)
 *(.jumptables*)
 *(.lowtext)
 *(.lowtext*)
                0x000001f4                __ctors_start = .
 *(.ctors)
                0x000001f4                __ctors_end = .
                0x000001f4                __dtors_start = .
 *(.dtors)
                0x000001f4                __dtors_end = .
 SORT(*)(.ctors)
 SORT(*)(.dtors)
 *(.init0)
 .init0         0x000001f4        0x0 c:/program files/atmel/atmel studio 6.0/extensions/atmel/avrgcc/3.4.0.65/avrtoolchain/bin/../lib/gcc/avr/4.6.2/../../../../avr/lib/avrxmega7/crtx128a1.o
                0x000001f4                __init
 *(.init0)
 *(.init1)
 *(.init1)
 *(.init2)
 .init2         0x000001f4       0x18 c:/program files/atmel/atmel studio 6.0/extensions/atmel/avrgcc/3.4.0.65/avrtoolchain/bin/../lib/gcc/avr/4.6.2/../../../../avr/lib/avrxmega7/crtx128a1.o
 *(.init2)
 *(.init3)
 *(.init3)
 *(.init4)
 .init4         0x0000020c       0x1a c:/program files/atmel/atmel studio 6.0/extensions/atmel/avrgcc/3.4.0.65/avrtoolchain/bin/../lib/gcc/avr/4.6.2/avrxmega7\libgcc.a(_copy_data.o)
                0x0000020c                __do_copy_data
 .init4         0x00000226       0x10 c:/program files/atmel/atmel studio 6.0/extensions/atmel/avrgcc/3.4.0.65/avrtoolchain/bin/../lib/gcc/avr/4.6.2/avrxmega7\libgcc.a(_clear_bss.o)
                0x00000226                __do_clear_bss
 *(.init4)
 *(.init5)
 *(.init5)
 *(.init6)
 *(.init6)
 *(.init7)
 *(.init7)
 *(.init8)
 *(.init8)
 *(.init9)
 .init9         0x00000236        0x8 c:/program files/atmel/atmel studio 6.0/extensions/atmel/avrgcc/3.4.0.65/avrtoolchain/bin/../lib/gcc/avr/4.6.2/../../../../avr/lib/avrxmega7/crtx128a1.o
 *(.init9)
 *(.text)
 .text          0x0000023e        0x4 c:/program files/atmel/atmel studio 6.0/extensions/atmel/avrgcc/3.4.0.65/avrtoolchain/bin/../lib/gcc/avr/4.6.2/../../../../avr/lib/avrxmega7/crtx128a1.o
                0x0000023e                __vector_38
                0x0000023e                __vector_104
                0x0000023e                __vector_22
                0x0000023e                __vector_63
                0x0000023e                __vector_67
                0x0000023e                __vector_1
                0x0000023e                __vector_119
                0x0000023e                __vector_32
                0x0000023e                __vector_75
                0x0000023e                __vector_71
                0x0000023e                __vector_91
                0x0000023e                __vector_34
                0x0000023e                __vector_62
                0x0000023e                __vector_77
                0x0000023e                __vector_102
                0x0000023e                __vector_24
                0x0000023e                __vector_12
                0x0000023e                __vector_55
                0x0000023e                __vector_69
                0x0000023e                __vector_81
                0x0000023e                __vector_90
                0x0000023e                __vector_46
                0x0000023e                __bad_interrupt
                0x0000023e                __vector_72
                0x0000023e                __vector_114
                0x0000023e                __vector_6
                0x0000023e                __vector_110
                0x0000023e                __vector_31
                0x0000023e                __vector_92
                0x0000023e                __vector_35
                0x0000023e                __vector_78
                0x0000023e                __vector_74
                0x0000023e                __vector_117
                0x0000023e                __vector_39
                0x0000023e                __vector_107
                0x0000023e                __vector_3
                0x0000023e                __vector_105
                0x0000023e                __vector_98
                0x0000023e                __vector_23
                0x0000023e                __vector_68
                0x0000023e                __vector_30
                0x0000023e                __vector_73
                0x0000023e                __vector_45
                0x0000023e                __vector_93
                0x0000023e                __vector_61
                0x0000023e                __vector_11
                0x0000023e                __vector_54
                0x0000023e                __vector_99
                0x0000023e                __vector_13
                0x0000023e                __vector_17
                0x0000023e                __vector_19
                0x0000023e                __vector_56
                0x0000023e                __vector_7
                0x0000023e                __vector_49
                0x0000023e                __vector_41
                0x0000023e                __vector_86
                0x0000023e                __vector_64
                0x0000023e                __vector_88
                0x0000023e                __vector_109
                0x0000023e                __vector_43
                0x0000023e                __vector_27
                0x0000023e                __vector_5
                0x0000023e                __vector_113
                0x0000023e                __vector_33
                0x0000023e                __vector_76
                0x0000023e                __vector_115
                0x0000023e                __vector_47
                0x0000023e                __vector_52
                0x0000023e                __vector_37
                0x0000023e                __vector_95
                0x0000023e                __vector_103
                0x0000023e                __vector_96
                0x0000023e                __vector_89
                0x0000023e                __vector_108
                0x0000023e                __vector_4
                0x0000023e                __vector_44
                0x0000023e                __vector_82
                0x0000023e                __vector_106
                0x0000023e                __vector_118
                0x0000023e                __vector_51
                0x0000023e                __vector_9
                0x0000023e                __vector_2
                0x0000023e                __vector_21
                0x0000023e                __vector_15
                0x0000023e                __vector_66
                0x0000023e                __vector_36
                0x0000023e                __vector_79
                0x0000023e                __vector_58
                0x0000023e                __vector_70
                0x0000023e                __vector_83
                0x0000023e                __vector_60
                0x0000023e                __vector_121
                0x0000023e                __vector_40
                0x0000023e                __vector_85
                0x0000023e                __vector_94
                0x0000023e                __vector_8
                0x0000023e                __vector_48
                0x0000023e                __vector_124
                0x0000023e                __vector_116
                0x0000023e                __vector_112
                0x0000023e                __vector_111
                0x0000023e                __vector_80
                0x0000023e                __vector_14
                0x0000023e                __vector_84
                0x0000023e                __vector_57
                0x0000023e                __vector_53
                0x0000023e                __vector_10
                0x0000023e                __vector_50
                0x0000023e                __vector_16
                0x0000023e                __vector_59
                0x0000023e                __vector_18
                0x0000023e                __vector_97
                0x0000023e                __vector_20
                0x0000023e                __vector_42
                0x0000023e                __vector_65
                0x0000023e                __vector_120
 .text          0x00000242      0x568 adc.o
                0x00000242                adc_read_cal_byte
                0x00000254                adc_bank_select
                0x0000029a                adc_convert
                0x000002b0                init_adc
                0x0000035a                adc_ftoa
                0x0000039e                adc_data
                0x00000506                adc_max
                0x0000053c                adjust
                0x00000554                service_adc
 .text          0x000007aa      0xa8a brain.o
                0x000007aa                brain_debug
                0x000007f6                brain_power_reset
                0x0000080e                init_brain
                0x0000081a                brain_menu_output
                0x0000082a                brain_menu_output_detail
                0x00000884                brain_menu_control
                0x00000894                brain_menu_control_dial
                0x0000090a                brain_menu_control_dial_select
                0x0000093c                brain_menu_console
                0x0000094c                brain_menu_update
                0x00000a02                brain_menu_load
                0x00000a62                brain_rotary_change
                0x00000b6e                brain_button_pressed
                0x00000b7e                brain_power_master
                0x00000bd2                brain_power_on
                0x00000c12                brain_power_off
                0x00000c4c                brain_power
                0x00000c6e                service_brain
 .text          0x00001234       0x4e eeprom.o
                0x00001234                eeprom_save
                0x00001252                eeprom_restore
                0x00001270                init_eeprom
                0x00001276                eeprom_read
                0x00001280                service_eeprom
 .text          0x00001282      0x40c fp.o
                0x00001282                init_fp
                0x000012bc                fp_led_enable
                0x00001314                fp_led_disable
                0x00001368                _fp_read_switches
                0x00001384                _fp_switch_pressed
                0x000013f8                _fp_switch_released
                0x00001458                _process_switch
                0x000014a4                _fp_process_switches
                0x0000155a                _fp_process_rotary
                0x000015ec                service_fp
 .text          0x0000168e      0x296 lcd.o
                0x0000168e                init_lcd
                0x0000169c                lcd_reboot_state
                0x000016e6                lcd_reboot
                0x000016fe                lcd_recover
                0x0000170c                lcd_command
                0x00001744                _lcd_bubble
                0x00001782                _lcd_no_bubble
                0x00001794                lcd_d
                0x000017bc                lcd_c
                0x000017e4                lcd_b
                0x0000180c                lcd_a
                0x00001834                lcd_update
                0x00001880                service_lcd
 .text          0x00001924      0x880 lcd_console.o
                0x00001924                init_lcd_console
                0x0000195e                lcd_console_pwr_adj
                0x00001a08                lcd_console_pwr_adj_set
                0x00001a2e                lcd_console_meter
                0x00001c3c                lcd_console_write
                0x00001d38                service_lcd_console
 .text          0x000021a4      0x3da lcd_touch.o
                0x000021a4                init_lcd_touch
                0x000021b0                lcd_get_touch
                0x000021bc                lcd_set_touch
                0x000024c0                service_lcd_touch
 .text          0x0000257e      0x450 pwr_adjust.o
                0x0000257e                init_pwr_adjust
                0x000025b2                pwr_adj_spi_send
                0x0000260e                _pwr_adj_next
                0x0000266e                pwr_adj_on
                0x000026ce                pwr_adj_off
                0x0000271c                pwr_adj_change
                0x0000277c                pwr_adj_change_increment
                0x000027f2                pwr_adj_touch_dial
                0x000027f8                _pwr_adj_data
                0x00002836                pwr_adj_data
                0x000028b0                pwr_adj_control
                0x000028ca                __vector_87
                0x000029cc                service_pwr_adjust
 .text          0x000029ce       0xca pwr_main.o
                0x000029ce                init_pwr_main
                0x000029dc                pwr_main_on
                0x00002a48                pwr_main_off
                0x00002a96                service_pwr_main
 .text          0x00002a98      0x184 main.o
                0x00002a98                init_rtos_clock_external
                0x00002ada                init_rtos_clock_internal
                0x00002b16                main
 .text          0x00002c1c      0x21e quadrature.o
                0x00002c1c                init_quadrature
                0x00002c6c                quad_up
                0x00002c82                quad_down
                0x00002c98                __vector_100
                0x00002d68                __vector_101
                0x00002e38                service_quadrature
 .text          0x00002e3a       0x2c thermal.o
                0x00002e3a                init_thermal
 .text          0x00002e66      0x8fe uart.o
                0x00002e66                init_uart
                0x00002f76                uart_send_byte
                0x00002f82                uart_send_string
                0x00002fd8                uart_send_BIN4
                0x00003242                uart_send_BIN8
                0x00003270                uart_send_HEX4
                0x0000333c                uart_send_HEX8
                0x00003360                uart_send_HEX16b
                0x0000337e                uart_send_HEX16
                0x0000339e                uart_enq_BIN4
                0x00003608                uart_enq_BIN8
                0x00003636                uart_enq_HEX4
                0x00003702                uart_enq_HEX8
                0x00003726                uart_enq_HEX16b
                0x00003744                uart_enq_HEX16
 .text          0x00003764     0x286e uart_buffer.o
                0x00003764                __vector_25
                0x00003840                __vector_28
                0x0000391c                uart_rxbuffer_enable
                0x00003926                uart_rxbuffer_disable
                0x00003930                uart_txbuffer_enable
                0x0000393a                uart_txbuffer_disable
                0x00003944                __vector_29
                0x00003a8a                __vector_26
                0x00003bd0                uart_transmit
                0x00003dac                uart_transmit_lcd
                0x000041c4                __vector_123
                0x00004568                __vector_122
                0x000047be                uart_receive
                0x00004918                uart_receive_lcd
                0x00004b9e                init_uart_obuffer
                0x00004be0                uart_count
                0x00004c6e                uart_enqueue_string
                0x0000537a                uart_enqueue
                0x000059e4                uart_dequeue
                0x00005a56                init_uart_ibuffer
                0x00005a98                init_uart_buffer
                0x00005aba                init_uart_buffers
                0x00005ad4                uart_icount
                0x00005b62                uart_ienqueue
                0x00005bd4                uart_idequeue
                0x00005c46                service_uart_buffer
 .text          0x00005fd2      0x1aa ui.o
                0x00005fd2                led_on
                0x0000600a                led_off
                0x00006036                led_dim
                0x00006068                led_toggle
                0x0000609a                audio_volume
                0x000060a6                init_ui
                0x000060ea                _audio_beep
                0x0000610a                audio_beep
                0x00006122                service_audio
 .text          0x0000617c        0x0 c:/program files/atmel/atmel studio 6.0/extensions/atmel/avrgcc/3.4.0.65/avrtoolchain/bin/../lib/gcc/avr/4.6.2/../../../../avr/lib/avrxmega7\libm.a(cmpsf2.o)
 .text          0x0000617c        0x0 c:/program files/atmel/atmel studio 6.0/extensions/atmel/avrgcc/3.4.0.65/avrtoolchain/bin/../lib/gcc/avr/4.6.2/../../../../avr/lib/avrxmega7\libm.a(divsf3.o)
 .text          0x0000617c        0x0 c:/program files/atmel/atmel studio 6.0/extensions/atmel/avrgcc/3.4.0.65/avrtoolchain/bin/../lib/gcc/avr/4.6.2/../../../../avr/lib/avrxmega7\libm.a(divsf3x.o)
 .text          0x0000617c        0x0 c:/program files/atmel/atmel studio 6.0/extensions/atmel/avrgcc/3.4.0.65/avrtoolchain/bin/../lib/gcc/avr/4.6.2/../../../../avr/lib/avrxmega7\libm.a(fixsfsi.o)
 .text          0x0000617c        0x0 c:/program files/atmel/atmel studio 6.0/extensions/atmel/avrgcc/3.4.0.65/avrtoolchain/bin/../lib/gcc/avr/4.6.2/../../../../avr/lib/avrxmega7\libm.a(fixunssfsi.o)
 .text          0x0000617c        0x0 c:/program files/atmel/atmel studio 6.0/extensions/atmel/avrgcc/3.4.0.65/avrtoolchain/bin/../lib/gcc/avr/4.6.2/../../../../avr/lib/avrxmega7\libm.a(floatsisf.o)
 .text          0x0000617c        0x0 c:/program files/atmel/atmel studio 6.0/extensions/atmel/avrgcc/3.4.0.65/avrtoolchain/bin/../lib/gcc/avr/4.6.2/../../../../avr/lib/avrxmega7\libm.a(fp_cmp.o)
 .text          0x0000617c        0x0 c:/program files/atmel/atmel studio 6.0/extensions/atmel/avrgcc/3.4.0.65/avrtoolchain/bin/../lib/gcc/avr/4.6.2/../../../../avr/lib/avrxmega7\libm.a(fp_inf.o)
 .text          0x0000617c        0x0 c:/program files/atmel/atmel studio 6.0/extensions/atmel/avrgcc/3.4.0.65/avrtoolchain/bin/../lib/gcc/avr/4.6.2/../../../../avr/lib/avrxmega7\libm.a(fp_nan.o)
 .text          0x0000617c        0x0 c:/program files/atmel/atmel studio 6.0/extensions/atmel/avrgcc/3.4.0.65/avrtoolchain/bin/../lib/gcc/avr/4.6.2/../../../../avr/lib/avrxmega7\libm.a(fp_pscA.o)
 .text          0x0000617c        0x0 c:/program files/atmel/atmel studio 6.0/extensions/atmel/avrgcc/3.4.0.65/avrtoolchain/bin/../lib/gcc/avr/4.6.2/../../../../avr/lib/avrxmega7\libm.a(fp_pscB.o)
 .text          0x0000617c        0x0 c:/program files/atmel/atmel studio 6.0/extensions/atmel/avrgcc/3.4.0.65/avrtoolchain/bin/../lib/gcc/avr/4.6.2/../../../../avr/lib/avrxmega7\libm.a(fp_round.o)
 .text          0x0000617c        0x0 c:/program files/atmel/atmel studio 6.0/extensions/atmel/avrgcc/3.4.0.65/avrtoolchain/bin/../lib/gcc/avr/4.6.2/../../../../avr/lib/avrxmega7\libm.a(fp_split3.o)
 .text          0x0000617c        0x0 c:/program files/atmel/atmel studio 6.0/extensions/atmel/avrgcc/3.4.0.65/avrtoolchain/bin/../lib/gcc/avr/4.6.2/../../../../avr/lib/avrxmega7\libm.a(fp_zero.o)
 .text          0x0000617c        0x0 c:/program files/atmel/atmel studio 6.0/extensions/atmel/avrgcc/3.4.0.65/avrtoolchain/bin/../lib/gcc/avr/4.6.2/../../../../avr/lib/avrxmega7\libm.a(mulsf3.o)
 .text          0x0000617c        0x0 c:/program files/atmel/atmel studio 6.0/extensions/atmel/avrgcc/3.4.0.65/avrtoolchain/bin/../lib/gcc/avr/4.6.2/../../../../avr/lib/avrxmega7\libm.a(mulsf3x.o)
 .text          0x0000617c        0x0 c:/program files/atmel/atmel studio 6.0/extensions/atmel/avrgcc/3.4.0.65/avrtoolchain/bin/../lib/gcc/avr/4.6.2/avrxmega7\libgcc.a(_exit.o)
 .text          0x0000617c        0x0 c:/program files/atmel/atmel studio 6.0/extensions/atmel/avrgcc/3.4.0.65/avrtoolchain/bin/../lib/gcc/avr/4.6.2/avrxmega7\libgcc.a(_copy_data.o)
 .text          0x0000617c        0x0 c:/program files/atmel/atmel studio 6.0/extensions/atmel/avrgcc/3.4.0.65/avrtoolchain/bin/../lib/gcc/avr/4.6.2/avrxmega7\libgcc.a(_clear_bss.o)
 .text          0x0000617c        0x0 c:/program files/atmel/atmel studio 6.0/extensions/atmel/avrgcc/3.4.0.65/avrtoolchain/bin/../lib/gcc/avr/4.6.2/../../../../avr/lib/avrxmega7\libc.a(atoi.o)
 .text          0x0000617c        0x0 c:/program files/atmel/atmel studio 6.0/extensions/atmel/avrgcc/3.4.0.65/avrtoolchain/bin/../lib/gcc/avr/4.6.2/../../../../avr/lib/avrxmega7\libc.a(mul10.o)
 .text          0x0000617c        0x0 c:/program files/atmel/atmel studio 6.0/extensions/atmel/avrgcc/3.4.0.65/avrtoolchain/bin/../lib/gcc/avr/4.6.2/../../../../avr/lib/avrxmega7\libc.a(utoa.o)
 .text          0x0000617c        0x0 c:/program files/atmel/atmel studio 6.0/extensions/atmel/avrgcc/3.4.0.65/avrtoolchain/bin/../lib/gcc/avr/4.6.2/../../../../avr/lib/avrxmega7\libc.a(eerd_block_atxmega128a1.o)
 .text          0x0000617c        0x0 c:/program files/atmel/atmel studio 6.0/extensions/atmel/avrgcc/3.4.0.65/avrtoolchain/bin/../lib/gcc/avr/4.6.2/../../../../avr/lib/avrxmega7\libc.a(eerd_byte_atxmega128a1.o)
 .text          0x0000617c        0x0 c:/program files/atmel/atmel studio 6.0/extensions/atmel/avrgcc/3.4.0.65/avrtoolchain/bin/../lib/gcc/avr/4.6.2/../../../../avr/lib/avrxmega7\libc.a(eewr_block_atxmega128a1.o)
 .text          0x0000617c        0x0 c:/program files/atmel/atmel studio 6.0/extensions/atmel/avrgcc/3.4.0.65/avrtoolchain/bin/../lib/gcc/avr/4.6.2/../../../../avr/lib/avrxmega7\libc.a(eewr_byte_atxmega128a1.o)
 .text          0x0000617c        0x0 c:/program files/atmel/atmel studio 6.0/extensions/atmel/avrgcc/3.4.0.65/avrtoolchain/bin/../lib/gcc/avr/4.6.2/../../../../avr/lib/avrxmega7\libc.a(memcpy.o)
 .text          0x0000617c        0x0 c:/program files/atmel/atmel studio 6.0/extensions/atmel/avrgcc/3.4.0.65/avrtoolchain/bin/../lib/gcc/avr/4.6.2/../../../../avr/lib/avrxmega7\libc.a(strrev.o)
 .text          0x0000617c        0x0 c:/program files/atmel/atmel studio 6.0/extensions/atmel/avrgcc/3.4.0.65/avrtoolchain/bin/../lib/gcc/avr/4.6.2/avrxmega7\libgcc.a(_udivmodhi4.o)
                0x0000617c                . = ALIGN (0x2)
 *(.text.*)
 .text.avr-libc.fplib
                0x0000617c        0x8 c:/program files/atmel/atmel studio 6.0/extensions/atmel/avrgcc/3.4.0.65/avrtoolchain/bin/../lib/gcc/avr/4.6.2/../../../../avr/lib/avrxmega7\libm.a(cmpsf2.o)
                0x0000617c                __nesf2
                0x0000617c                __eqsf2
                0x0000617c                __cmpsf2
                0x0000617c                __ltsf2
                0x0000617c                __lesf2
 .text.avr-libc.fplib
                0x00006184        0x4 c:/program files/atmel/atmel studio 6.0/extensions/atmel/avrgcc/3.4.0.65/avrtoolchain/bin/../lib/gcc/avr/4.6.2/../../../../avr/lib/avrxmega7\libm.a(divsf3.o)
                0x00006184                __divsf3
 .text.avr-libc.fplib
                0x00006188       0xcc c:/program files/atmel/atmel studio 6.0/extensions/atmel/avrgcc/3.4.0.65/avrtoolchain/bin/../lib/gcc/avr/4.6.2/../../../../avr/lib/avrxmega7\libm.a(divsf3x.o)
                0x0000619e                __divsf3x
                0x000061a2                __divsf3_pse
 .text.avr-libc.fplib
                0x00006254        0xa c:/program files/atmel/atmel studio 6.0/extensions/atmel/avrgcc/3.4.0.65/avrtoolchain/bin/../lib/gcc/avr/4.6.2/../../../../avr/lib/avrxmega7\libm.a(fixsfsi.o)
                0x00006254                __fixsfsi
 .text.avr-libc.fplib
                0x0000625e       0x58 c:/program files/atmel/atmel studio 6.0/extensions/atmel/avrgcc/3.4.0.65/avrtoolchain/bin/../lib/gcc/avr/4.6.2/../../../../avr/lib/avrxmega7\libm.a(fixunssfsi.o)
                0x0000625e                __fixunssfsi
 .text.avr-libc.fplib
                0x000062b6       0x7a c:/program files/atmel/atmel studio 6.0/extensions/atmel/avrgcc/3.4.0.65/avrtoolchain/bin/../lib/gcc/avr/4.6.2/../../../../avr/lib/avrxmega7\libm.a(floatsisf.o)
                0x000062b6                __floatunsisf
                0x000062ba                __floatsisf
 .text.avr-libc.fplib
                0x00006330       0x48 c:/program files/atmel/atmel studio 6.0/extensions/atmel/avrgcc/3.4.0.65/avrtoolchain/bin/../lib/gcc/avr/4.6.2/../../../../avr/lib/avrxmega7\libm.a(fp_cmp.o)
                0x00006330                __fp_cmp
 .text.avr-libc.fplib
                0x00006378        0xc c:/program files/atmel/atmel studio 6.0/extensions/atmel/avrgcc/3.4.0.65/avrtoolchain/bin/../lib/gcc/avr/4.6.2/../../../../avr/lib/avrxmega7\libm.a(fp_inf.o)
                0x00006378                __fp_inf
 .text.avr-libc.fplib
                0x00006384        0x6 c:/program files/atmel/atmel studio 6.0/extensions/atmel/avrgcc/3.4.0.65/avrtoolchain/bin/../lib/gcc/avr/4.6.2/../../../../avr/lib/avrxmega7\libm.a(fp_nan.o)
                0x00006384                __fp_nan
 .text.avr-libc.fplib
                0x0000638a        0xe c:/program files/atmel/atmel studio 6.0/extensions/atmel/avrgcc/3.4.0.65/avrtoolchain/bin/../lib/gcc/avr/4.6.2/../../../../avr/lib/avrxmega7\libm.a(fp_pscA.o)
                0x0000638a                __fp_pscA
 .text.avr-libc.fplib
                0x00006398        0xe c:/program files/atmel/atmel studio 6.0/extensions/atmel/avrgcc/3.4.0.65/avrtoolchain/bin/../lib/gcc/avr/4.6.2/../../../../avr/lib/avrxmega7\libm.a(fp_pscB.o)
                0x00006398                __fp_pscB
 .text.avr-libc.fplib
                0x000063a6       0x22 c:/program files/atmel/atmel studio 6.0/extensions/atmel/avrgcc/3.4.0.65/avrtoolchain/bin/../lib/gcc/avr/4.6.2/../../../../avr/lib/avrxmega7\libm.a(fp_round.o)
                0x000063a6                __fp_round
 .text.avr-libc.fplib
                0x000063c8       0x44 c:/program files/atmel/atmel studio 6.0/extensions/atmel/avrgcc/3.4.0.65/avrtoolchain/bin/../lib/gcc/avr/4.6.2/../../../../avr/lib/avrxmega7\libm.a(fp_split3.o)
                0x000063c8                __fp_split3
                0x000063d8                __fp_splitA
 .text.avr-libc.fplib
                0x0000640c        0xe c:/program files/atmel/atmel studio 6.0/extensions/atmel/avrgcc/3.4.0.65/avrtoolchain/bin/../lib/gcc/avr/4.6.2/../../../../avr/lib/avrxmega7\libm.a(fp_zero.o)
                0x0000640c                __fp_zero
                0x0000640e                __fp_szero
 .text.avr-libc.fplib
                0x0000641a        0x4 c:/program files/atmel/atmel studio 6.0/extensions/atmel/avrgcc/3.4.0.65/avrtoolchain/bin/../lib/gcc/avr/4.6.2/../../../../avr/lib/avrxmega7\libm.a(mulsf3.o)
                0x0000641a                __mulsf3
 .text.avr-libc.fplib
                0x0000641e       0xc2 c:/program files/atmel/atmel studio 6.0/extensions/atmel/avrgcc/3.4.0.65/avrtoolchain/bin/../lib/gcc/avr/4.6.2/../../../../avr/lib/avrxmega7\libm.a(mulsf3x.o)
                0x00006432                __mulsf3x
                0x00006436                __mulsf3_pse
 .text.libgcc   0x000064e0        0x0 c:/program files/atmel/atmel studio 6.0/extensions/atmel/avrgcc/3.4.0.65/avrtoolchain/bin/../lib/gcc/avr/4.6.2/avrxmega7\libgcc.a(_exit.o)
 .text.libgcc   0x000064e0        0x0 c:/program files/atmel/atmel studio 6.0/extensions/atmel/avrgcc/3.4.0.65/avrtoolchain/bin/../lib/gcc/avr/4.6.2/avrxmega7\libgcc.a(_copy_data.o)
 .text.libgcc   0x000064e0        0x0 c:/program files/atmel/atmel studio 6.0/extensions/atmel/avrgcc/3.4.0.65/avrtoolchain/bin/../lib/gcc/avr/4.6.2/avrxmega7\libgcc.a(_clear_bss.o)
 .text.avr-libc
                0x000064e0       0x3c c:/program files/atmel/atmel studio 6.0/extensions/atmel/avrgcc/3.4.0.65/avrtoolchain/bin/../lib/gcc/avr/4.6.2/../../../../avr/lib/avrxmega7\libc.a(atoi.o)
                0x000064e0                atoi
 .text.avr-libc
                0x0000651c       0x10 c:/program files/atmel/atmel studio 6.0/extensions/atmel/avrgcc/3.4.0.65/avrtoolchain/bin/../lib/gcc/avr/4.6.2/../../../../avr/lib/avrxmega7\libc.a(mul10.o)
                0x0000651c                __mulhi_const_10
 .text.avr-libc
                0x0000652c       0x2c c:/program files/atmel/atmel studio 6.0/extensions/atmel/avrgcc/3.4.0.65/avrtoolchain/bin/../lib/gcc/avr/4.6.2/../../../../avr/lib/avrxmega7\libc.a(utoa.o)
                0x0000652c                utoa
 .text.avr-libc
                0x00006558       0x18 c:/program files/atmel/atmel studio 6.0/extensions/atmel/avrgcc/3.4.0.65/avrtoolchain/bin/../lib/gcc/avr/4.6.2/../../../../avr/lib/avrxmega7\libc.a(eerd_block_atxmega128a1.o)
                0x00006558                __eerd_block_x128a1
 .text.avr-libc
                0x00006570       0x20 c:/program files/atmel/atmel studio 6.0/extensions/atmel/avrgcc/3.4.0.65/avrtoolchain/bin/../lib/gcc/avr/4.6.2/../../../../avr/lib/avrxmega7\libc.a(eerd_byte_atxmega128a1.o)
                0x00006570                __eerd_byte_x128a1
                0x00006578                eeprom_mapen
 .text.avr-libc
                0x00006590       0x14 c:/program files/atmel/atmel studio 6.0/extensions/atmel/avrgcc/3.4.0.65/avrtoolchain/bin/../lib/gcc/avr/4.6.2/../../../../avr/lib/avrxmega7\libc.a(eewr_block_atxmega128a1.o)
                0x00006590                __eewr_block_x128a1
 .text.avr-libc
                0x000065a4       0x46 c:/program files/atmel/atmel studio 6.0/extensions/atmel/avrgcc/3.4.0.65/avrtoolchain/bin/../lib/gcc/avr/4.6.2/../../../../avr/lib/avrxmega7\libc.a(eewr_byte_atxmega128a1.o)
                0x000065a4                __eewr_byte_x128a1
                0x000065a6                __eewr_r18_x128a1
 .text.avr-libc
                0x000065ea       0x12 c:/program files/atmel/atmel studio 6.0/extensions/atmel/avrgcc/3.4.0.65/avrtoolchain/bin/../lib/gcc/avr/4.6.2/../../../../avr/lib/avrxmega7\libc.a(memcpy.o)
                0x000065ea                memcpy
 .text.avr-libc
                0x000065fc       0x20 c:/program files/atmel/atmel studio 6.0/extensions/atmel/avrgcc/3.4.0.65/avrtoolchain/bin/../lib/gcc/avr/4.6.2/../../../../avr/lib/avrxmega7\libc.a(strrev.o)
                0x000065fc                strrev
 .text.libgcc   0x0000661c       0x28 c:/program files/atmel/atmel studio 6.0/extensions/atmel/avrgcc/3.4.0.65/avrtoolchain/bin/../lib/gcc/avr/4.6.2/avrxmega7\libgcc.a(_udivmodhi4.o)
                0x0000661c                __udivmodhi4
                0x00006644                . = ALIGN (0x2)
 *(.fini9)
 .fini9         0x00006644        0x0 c:/program files/atmel/atmel studio 6.0/extensions/atmel/avrgcc/3.4.0.65/avrtoolchain/bin/../lib/gcc/avr/4.6.2/avrxmega7\libgcc.a(_exit.o)
                0x00006644                _exit
                0x00006644                exit
 *(.fini9)
 *(.fini8)
 *(.fini8)
 *(.fini7)
 *(.fini7)
 *(.fini6)
 *(.fini6)
 *(.fini5)
 *(.fini5)
 *(.fini4)
 *(.fini4)
 *(.fini3)
 *(.fini3)
 *(.fini2)
 *(.fini2)
 *(.fini1)
 *(.fini1)
 *(.fini0)
 .fini0         0x00006644        0x4 c:/program files/atmel/atmel studio 6.0/extensions/atmel/avrgcc/3.4.0.65/avrtoolchain/bin/../lib/gcc/avr/4.6.2/avrxmega7\libgcc.a(_exit.o)
 *(.fini0)
                0x00006648                _etext = .

.data           0x00802000      0x278 load address 0x00006648
                0x00802000                PROVIDE (__data_start, .)
 *(.data)
 .data          0x00802000        0x0 c:/program files/atmel/atmel studio 6.0/extensions/atmel/avrgcc/3.4.0.65/avrtoolchain/bin/../lib/gcc/avr/4.6.2/../../../../avr/lib/avrxmega7/crtx128a1.o
 .data          0x00802000        0x0 adc.o
 .data          0x00802000      0x158 brain.o
 .data          0x00802158        0x0 eeprom.o
 .data          0x00802158        0x2 fp.o
 .data          0x0080215a       0xb8 lcd.o
 .data          0x00802212       0x64 lcd_console.o
 .data          0x00802276        0x0 lcd_touch.o
 .data          0x00802276        0x0 pwr_adjust.o
 .data          0x00802276        0x0 pwr_main.o
 .data          0x00802276        0x0 main.o
 .data          0x00802276        0x0 quadrature.o
 .data          0x00802276        0x0 thermal.o
 .data          0x00802276        0x0 uart.o
 .data          0x00802276        0x0 uart_buffer.o
 .data          0x00802276        0x1 ui.o
                0x00802276                _audio_state
 .data          0x00802277        0x0 c:/program files/atmel/atmel studio 6.0/extensions/atmel/avrgcc/3.4.0.65/avrtoolchain/bin/../lib/gcc/avr/4.6.2/../../../../avr/lib/avrxmega7\libm.a(cmpsf2.o)
 .data          0x00802277        0x0 c:/program files/atmel/atmel studio 6.0/extensions/atmel/avrgcc/3.4.0.65/avrtoolchain/bin/../lib/gcc/avr/4.6.2/../../../../avr/lib/avrxmega7\libm.a(divsf3.o)
 .data          0x00802277        0x0 c:/program files/atmel/atmel studio 6.0/extensions/atmel/avrgcc/3.4.0.65/avrtoolchain/bin/../lib/gcc/avr/4.6.2/../../../../avr/lib/avrxmega7\libm.a(divsf3x.o)
 .data          0x00802277        0x0 c:/program files/atmel/atmel studio 6.0/extensions/atmel/avrgcc/3.4.0.65/avrtoolchain/bin/../lib/gcc/avr/4.6.2/../../../../avr/lib/avrxmega7\libm.a(fixsfsi.o)
 .data          0x00802277        0x0 c:/program files/atmel/atmel studio 6.0/extensions/atmel/avrgcc/3.4.0.65/avrtoolchain/bin/../lib/gcc/avr/4.6.2/../../../../avr/lib/avrxmega7\libm.a(fixunssfsi.o)
 .data          0x00802277        0x0 c:/program files/atmel/atmel studio 6.0/extensions/atmel/avrgcc/3.4.0.65/avrtoolchain/bin/../lib/gcc/avr/4.6.2/../../../../avr/lib/avrxmega7\libm.a(floatsisf.o)
 .data          0x00802277        0x0 c:/program files/atmel/atmel studio 6.0/extensions/atmel/avrgcc/3.4.0.65/avrtoolchain/bin/../lib/gcc/avr/4.6.2/../../../../avr/lib/avrxmega7\libm.a(fp_cmp.o)
 .data          0x00802277        0x0 c:/program files/atmel/atmel studio 6.0/extensions/atmel/avrgcc/3.4.0.65/avrtoolchain/bin/../lib/gcc/avr/4.6.2/../../../../avr/lib/avrxmega7\libm.a(fp_inf.o)
 .data          0x00802277        0x0 c:/program files/atmel/atmel studio 6.0/extensions/atmel/avrgcc/3.4.0.65/avrtoolchain/bin/../lib/gcc/avr/4.6.2/../../../../avr/lib/avrxmega7\libm.a(fp_nan.o)
 .data          0x00802277        0x0 c:/program files/atmel/atmel studio 6.0/extensions/atmel/avrgcc/3.4.0.65/avrtoolchain/bin/../lib/gcc/avr/4.6.2/../../../../avr/lib/avrxmega7\libm.a(fp_pscA.o)
 .data          0x00802277        0x0 c:/program files/atmel/atmel studio 6.0/extensions/atmel/avrgcc/3.4.0.65/avrtoolchain/bin/../lib/gcc/avr/4.6.2/../../../../avr/lib/avrxmega7\libm.a(fp_pscB.o)
 .data          0x00802277        0x0 c:/program files/atmel/atmel studio 6.0/extensions/atmel/avrgcc/3.4.0.65/avrtoolchain/bin/../lib/gcc/avr/4.6.2/../../../../avr/lib/avrxmega7\libm.a(fp_round.o)
 .data          0x00802277        0x0 c:/program files/atmel/atmel studio 6.0/extensions/atmel/avrgcc/3.4.0.65/avrtoolchain/bin/../lib/gcc/avr/4.6.2/../../../../avr/lib/avrxmega7\libm.a(fp_split3.o)
 .data          0x00802277        0x0 c:/program files/atmel/atmel studio 6.0/extensions/atmel/avrgcc/3.4.0.65/avrtoolchain/bin/../lib/gcc/avr/4.6.2/../../../../avr/lib/avrxmega7\libm.a(fp_zero.o)
 .data          0x00802277        0x0 c:/program files/atmel/atmel studio 6.0/extensions/atmel/avrgcc/3.4.0.65/avrtoolchain/bin/../lib/gcc/avr/4.6.2/../../../../avr/lib/avrxmega7\libm.a(mulsf3.o)
 .data          0x00802277        0x0 c:/program files/atmel/atmel studio 6.0/extensions/atmel/avrgcc/3.4.0.65/avrtoolchain/bin/../lib/gcc/avr/4.6.2/../../../../avr/lib/avrxmega7\libm.a(mulsf3x.o)
 .data          0x00802277        0x0 c:/program files/atmel/atmel studio 6.0/extensions/atmel/avrgcc/3.4.0.65/avrtoolchain/bin/../lib/gcc/avr/4.6.2/avrxmega7\libgcc.a(_exit.o)
 .data          0x00802277        0x0 c:/program files/atmel/atmel studio 6.0/extensions/atmel/avrgcc/3.4.0.65/avrtoolchain/bin/../lib/gcc/avr/4.6.2/avrxmega7\libgcc.a(_copy_data.o)
 .data          0x00802277        0x0 c:/program files/atmel/atmel studio 6.0/extensions/atmel/avrgcc/3.4.0.65/avrtoolchain/bin/../lib/gcc/avr/4.6.2/avrxmega7\libgcc.a(_clear_bss.o)
 .data          0x00802277        0x0 c:/program files/atmel/atmel studio 6.0/extensions/atmel/avrgcc/3.4.0.65/avrtoolchain/bin/../lib/gcc/avr/4.6.2/../../../../avr/lib/avrxmega7\libc.a(atoi.o)
 .data          0x00802277        0x0 c:/program files/atmel/atmel studio 6.0/extensions/atmel/avrgcc/3.4.0.65/avrtoolchain/bin/../lib/gcc/avr/4.6.2/../../../../avr/lib/avrxmega7\libc.a(mul10.o)
 .data          0x00802277        0x0 c:/program files/atmel/atmel studio 6.0/extensions/atmel/avrgcc/3.4.0.65/avrtoolchain/bin/../lib/gcc/avr/4.6.2/../../../../avr/lib/avrxmega7\libc.a(utoa.o)
 .data          0x00802277        0x0 c:/program files/atmel/atmel studio 6.0/extensions/atmel/avrgcc/3.4.0.65/avrtoolchain/bin/../lib/gcc/avr/4.6.2/../../../../avr/lib/avrxmega7\libc.a(eerd_block_atxmega128a1.o)
 .data          0x00802277        0x0 c:/program files/atmel/atmel studio 6.0/extensions/atmel/avrgcc/3.4.0.65/avrtoolchain/bin/../lib/gcc/avr/4.6.2/../../../../avr/lib/avrxmega7\libc.a(eerd_byte_atxmega128a1.o)
 .data          0x00802277        0x0 c:/program files/atmel/atmel studio 6.0/extensions/atmel/avrgcc/3.4.0.65/avrtoolchain/bin/../lib/gcc/avr/4.6.2/../../../../avr/lib/avrxmega7\libc.a(eewr_block_atxmega128a1.o)
 .data          0x00802277        0x0 c:/program files/atmel/atmel studio 6.0/extensions/atmel/avrgcc/3.4.0.65/avrtoolchain/bin/../lib/gcc/avr/4.6.2/../../../../avr/lib/avrxmega7\libc.a(eewr_byte_atxmega128a1.o)
 .data          0x00802277        0x0 c:/program files/atmel/atmel studio 6.0/extensions/atmel/avrgcc/3.4.0.65/avrtoolchain/bin/../lib/gcc/avr/4.6.2/../../../../avr/lib/avrxmega7\libc.a(memcpy.o)
 .data          0x00802277        0x0 c:/program files/atmel/atmel studio 6.0/extensions/atmel/avrgcc/3.4.0.65/avrtoolchain/bin/../lib/gcc/avr/4.6.2/../../../../avr/lib/avrxmega7\libc.a(strrev.o)
 .data          0x00802277        0x0 c:/program files/atmel/atmel studio 6.0/extensions/atmel/avrgcc/3.4.0.65/avrtoolchain/bin/../lib/gcc/avr/4.6.2/avrxmega7\libgcc.a(_udivmodhi4.o)
 *(.data*)
 *(.rodata)
 *(.rodata*)
 *(.gnu.linkonce.d*)
                0x00802278                . = ALIGN (0x2)
 *fill*         0x00802277        0x1 00
                0x00802278                _edata = .
                0x00802278                PROVIDE (__data_end, .)

.bss            0x00802278     0x1cd9
                0x00802278                PROVIDE (__bss_start, .)
 *(.bss)
 .bss           0x00802278        0x0 c:/program files/atmel/atmel studio 6.0/extensions/atmel/avrgcc/3.4.0.65/avrtoolchain/bin/../lib/gcc/avr/4.6.2/../../../../avr/lib/avrxmega7/crtx128a1.o
 .bss           0x00802278        0x0 adc.o
 .bss           0x00802278        0x3 brain.o
 .bss           0x0080227b        0x0 eeprom.o
 .bss           0x0080227b        0x0 fp.o
 .bss           0x0080227b        0x2 lcd.o
 .bss           0x0080227d        0x1 lcd_console.o
 .bss           0x0080227e        0x0 lcd_touch.o
 .bss           0x0080227e        0x0 pwr_adjust.o
 .bss           0x0080227e        0x0 pwr_main.o
 .bss           0x0080227e        0x0 main.o
 .bss           0x0080227e        0x0 quadrature.o
 .bss           0x0080227e        0x0 thermal.o
 .bss           0x0080227e        0x0 uart.o
 .bss           0x0080227e        0x0 uart_buffer.o
 .bss           0x0080227e        0x0 ui.o
 .bss           0x0080227e        0x0 c:/program files/atmel/atmel studio 6.0/extensions/atmel/avrgcc/3.4.0.65/avrtoolchain/bin/../lib/gcc/avr/4.6.2/../../../../avr/lib/avrxmega7\libm.a(cmpsf2.o)
 .bss           0x0080227e        0x0 c:/program files/atmel/atmel studio 6.0/extensions/atmel/avrgcc/3.4.0.65/avrtoolchain/bin/../lib/gcc/avr/4.6.2/../../../../avr/lib/avrxmega7\libm.a(divsf3.o)
 .bss           0x0080227e        0x0 c:/program files/atmel/atmel studio 6.0/extensions/atmel/avrgcc/3.4.0.65/avrtoolchain/bin/../lib/gcc/avr/4.6.2/../../../../avr/lib/avrxmega7\libm.a(divsf3x.o)
 .bss           0x0080227e        0x0 c:/program files/atmel/atmel studio 6.0/extensions/atmel/avrgcc/3.4.0.65/avrtoolchain/bin/../lib/gcc/avr/4.6.2/../../../../avr/lib/avrxmega7\libm.a(fixsfsi.o)
 .bss           0x0080227e        0x0 c:/program files/atmel/atmel studio 6.0/extensions/atmel/avrgcc/3.4.0.65/avrtoolchain/bin/../lib/gcc/avr/4.6.2/../../../../avr/lib/avrxmega7\libm.a(fixunssfsi.o)
 .bss           0x0080227e        0x0 c:/program files/atmel/atmel studio 6.0/extensions/atmel/avrgcc/3.4.0.65/avrtoolchain/bin/../lib/gcc/avr/4.6.2/../../../../avr/lib/avrxmega7\libm.a(floatsisf.o)
 .bss           0x0080227e        0x0 c:/program files/atmel/atmel studio 6.0/extensions/atmel/avrgcc/3.4.0.65/avrtoolchain/bin/../lib/gcc/avr/4.6.2/../../../../avr/lib/avrxmega7\libm.a(fp_cmp.o)
 .bss           0x0080227e        0x0 c:/program files/atmel/atmel studio 6.0/extensions/atmel/avrgcc/3.4.0.65/avrtoolchain/bin/../lib/gcc/avr/4.6.2/../../../../avr/lib/avrxmega7\libm.a(fp_inf.o)
 .bss           0x0080227e        0x0 c:/program files/atmel/atmel studio 6.0/extensions/atmel/avrgcc/3.4.0.65/avrtoolchain/bin/../lib/gcc/avr/4.6.2/../../../../avr/lib/avrxmega7\libm.a(fp_nan.o)
 .bss           0x0080227e        0x0 c:/program files/atmel/atmel studio 6.0/extensions/atmel/avrgcc/3.4.0.65/avrtoolchain/bin/../lib/gcc/avr/4.6.2/../../../../avr/lib/avrxmega7\libm.a(fp_pscA.o)
 .bss           0x0080227e        0x0 c:/program files/atmel/atmel studio 6.0/extensions/atmel/avrgcc/3.4.0.65/avrtoolchain/bin/../lib/gcc/avr/4.6.2/../../../../avr/lib/avrxmega7\libm.a(fp_pscB.o)
 .bss           0x0080227e        0x0 c:/program files/atmel/atmel studio 6.0/extensions/atmel/avrgcc/3.4.0.65/avrtoolchain/bin/../lib/gcc/avr/4.6.2/../../../../avr/lib/avrxmega7\libm.a(fp_round.o)
 .bss           0x0080227e        0x0 c:/program files/atmel/atmel studio 6.0/extensions/atmel/avrgcc/3.4.0.65/avrtoolchain/bin/../lib/gcc/avr/4.6.2/../../../../avr/lib/avrxmega7\libm.a(fp_split3.o)
 .bss           0x0080227e        0x0 c:/program files/atmel/atmel studio 6.0/extensions/atmel/avrgcc/3.4.0.65/avrtoolchain/bin/../lib/gcc/avr/4.6.2/../../../../avr/lib/avrxmega7\libm.a(fp_zero.o)
 .bss           0x0080227e        0x0 c:/program files/atmel/atmel studio 6.0/extensions/atmel/avrgcc/3.4.0.65/avrtoolchain/bin/../lib/gcc/avr/4.6.2/../../../../avr/lib/avrxmega7\libm.a(mulsf3.o)
 .bss           0x0080227e        0x0 c:/program files/atmel/atmel studio 6.0/extensions/atmel/avrgcc/3.4.0.65/avrtoolchain/bin/../lib/gcc/avr/4.6.2/../../../../avr/lib/avrxmega7\libm.a(mulsf3x.o)
 .bss           0x0080227e        0x0 c:/program files/atmel/atmel studio 6.0/extensions/atmel/avrgcc/3.4.0.65/avrtoolchain/bin/../lib/gcc/avr/4.6.2/avrxmega7\libgcc.a(_exit.o)
 .bss           0x0080227e        0x0 c:/program files/atmel/atmel studio 6.0/extensions/atmel/avrgcc/3.4.0.65/avrtoolchain/bin/../lib/gcc/avr/4.6.2/avrxmega7\libgcc.a(_copy_data.o)
 .bss           0x0080227e        0x0 c:/program files/atmel/atmel studio 6.0/extensions/atmel/avrgcc/3.4.0.65/avrtoolchain/bin/../lib/gcc/avr/4.6.2/avrxmega7\libgcc.a(_clear_bss.o)
 .bss           0x0080227e        0x0 c:/program files/atmel/atmel studio 6.0/extensions/atmel/avrgcc/3.4.0.65/avrtoolchain/bin/../lib/gcc/avr/4.6.2/../../../../avr/lib/avrxmega7\libc.a(atoi.o)
 .bss           0x0080227e        0x0 c:/program files/atmel/atmel studio 6.0/extensions/atmel/avrgcc/3.4.0.65/avrtoolchain/bin/../lib/gcc/avr/4.6.2/../../../../avr/lib/avrxmega7\libc.a(mul10.o)
 .bss           0x0080227e        0x0 c:/program files/atmel/atmel studio 6.0/extensions/atmel/avrgcc/3.4.0.65/avrtoolchain/bin/../lib/gcc/avr/4.6.2/../../../../avr/lib/avrxmega7\libc.a(utoa.o)
 .bss           0x0080227e        0x0 c:/program files/atmel/atmel studio 6.0/extensions/atmel/avrgcc/3.4.0.65/avrtoolchain/bin/../lib/gcc/avr/4.6.2/../../../../avr/lib/avrxmega7\libc.a(eerd_block_atxmega128a1.o)
 .bss           0x0080227e        0x0 c:/program files/atmel/atmel studio 6.0/extensions/atmel/avrgcc/3.4.0.65/avrtoolchain/bin/../lib/gcc/avr/4.6.2/../../../../avr/lib/avrxmega7\libc.a(eerd_byte_atxmega128a1.o)
 .bss           0x0080227e        0x0 c:/program files/atmel/atmel studio 6.0/extensions/atmel/avrgcc/3.4.0.65/avrtoolchain/bin/../lib/gcc/avr/4.6.2/../../../../avr/lib/avrxmega7\libc.a(eewr_block_atxmega128a1.o)
 .bss           0x0080227e        0x0 c:/program files/atmel/atmel studio 6.0/extensions/atmel/avrgcc/3.4.0.65/avrtoolchain/bin/../lib/gcc/avr/4.6.2/../../../../avr/lib/avrxmega7\libc.a(eewr_byte_atxmega128a1.o)
 .bss           0x0080227e        0x0 c:/program files/atmel/atmel studio 6.0/extensions/atmel/avrgcc/3.4.0.65/avrtoolchain/bin/../lib/gcc/avr/4.6.2/../../../../avr/lib/avrxmega7\libc.a(memcpy.o)
 .bss           0x0080227e        0x0 c:/program files/atmel/atmel studio 6.0/extensions/atmel/avrgcc/3.4.0.65/avrtoolchain/bin/../lib/gcc/avr/4.6.2/../../../../avr/lib/avrxmega7\libc.a(strrev.o)
 .bss           0x0080227e        0x0 c:/program files/atmel/atmel studio 6.0/extensions/atmel/avrgcc/3.4.0.65/avrtoolchain/bin/../lib/gcc/avr/4.6.2/avrxmega7\libgcc.a(_udivmodhi4.o)
 *(.bss*)
 *(COMMON)
 COMMON         0x0080227e      0x48b adc.o
                0x0080227e                adc_current_offset
                0x0080228e                lcd_console
                0x008025e6                STATE_power_channels
                0x008025e7                STATE_menu
                0x008025e8                lcd_console_set_value
                0x008025ed                STATE_power_output
                0x008025ee                lcd_console_meter_value
                0x008025fa                lcd_console_channel
                0x008025fb                adc_results
                0x008026fb                adc_head
                0x008026fc                lcd_console_value_1
                0x008026fd                STATE_lcd_console
                0x008026fe                adc_bank
                0x008026ff                lcd_console_command
                0x00802700                lcd_console_head
                0x00802701                lcd_buffer_dirty
 COMMON         0x00802709       0x2d brain.o
                0x00802709                fp_button_time2
                0x0080270a                fp_master_status
                0x0080270b                pwr_adj_send_channels
                0x0080270c                lcd_flow_reboot
                0x0080270d                fp_rot_status
                0x0080270e                fp_counter
                0x0080270f                fp_button_time1
                0x00802710                pwr_adj_left_right
                0x00802711                pwr_adj_channel_num_in_progress
                0x00802712                lcd_last_touch_command
                0x00802713                fp_channel_mask
                0x00802714                quad_state
                0x00802715                fp_counter2
                0x00802716                fp_updown
                0x00802717                quad_count
                0x00802719                lcd_touch_buffer
                0x00802720                fp_press_counter
                0x00802722                fp_button_time0
                0x00802723                pwr_adj_spi_state
                0x00802724                lcd_flow_control
                0x00802725                pwr_adj_channel_dirty
                0x00802726                pwr_adj_values
 COMMON         0x00802736     0x1818 uart_buffer.o
                0x00802736                uart_itail
                0x0080273c                uart_ibuffer
                0x0080333c                uart_head
                0x00803342                uart_buffer
                0x00803f42                uart_ihead
                0x00803f48                uart_tail
 COMMON         0x00803f4e        0x3 ui.o
                0x00803f4e                _audio_volume
                0x00803f4f                _audio_num_beeps
                0x00803f50                _audio_counter
                0x00803f51                PROVIDE (__bss_end, .)
                0x00006648                __data_load_start = LOADADDR (.data)
                0x000068c0                __data_load_end = (__data_load_start + SIZEOF (.data))

.noinit         0x00803f51        0x0
                0x00803f51                PROVIDE (__noinit_start, .)
 *(.noinit*)
                0x00803f51                PROVIDE (__noinit_end, .)
                0x00803f51                _end = .
                0x00803f51                PROVIDE (__heap_start, .)

.eeprom         0x00810000       0x11
 *(.eeprom*)
 .eeprom        0x00810000       0x11 eeprom.o
                0x00810000                nv_STATE_power_channels
                0x00810001                nv_pwr_adj_values
                0x00810011                __eeprom_end = .

.fuse
 *(.fuse)
 *(.lfuse)
 *(.hfuse)
 *(.efuse)

.lock
 *(.lock*)

.signature
 *(.signature*)

.stab           0x00000000     0x2790
 *(.stab)
 .stab          0x00000000      0x714 c:/program files/atmel/atmel studio 6.0/extensions/atmel/avrgcc/3.4.0.65/avrtoolchain/bin/../lib/gcc/avr/4.6.2/../../../../avr/lib/avrxmega7/crtx128a1.o
 .stab          0x00000714       0x90 c:/program files/atmel/atmel studio 6.0/extensions/atmel/avrgcc/3.4.0.65/avrtoolchain/bin/../lib/gcc/avr/4.6.2/../../../../avr/lib/avrxmega7\libm.a(cmpsf2.o)
                                 0x9c (size before relaxing)
 .stab          0x000007a4       0x48 c:/program files/atmel/atmel studio 6.0/extensions/atmel/avrgcc/3.4.0.65/avrtoolchain/bin/../lib/gcc/avr/4.6.2/../../../../avr/lib/avrxmega7\libm.a(divsf3.o)
                                 0x54 (size before relaxing)
 .stab          0x000007ec      0x510 c:/program files/atmel/atmel studio 6.0/extensions/atmel/avrgcc/3.4.0.65/avrtoolchain/bin/../lib/gcc/avr/4.6.2/../../../../avr/lib/avrxmega7\libm.a(divsf3x.o)
                                0x51c (size before relaxing)
 .stab          0x00000cfc       0x6c c:/program files/atmel/atmel studio 6.0/extensions/atmel/avrgcc/3.4.0.65/avrtoolchain/bin/../lib/gcc/avr/4.6.2/../../../../avr/lib/avrxmega7\libm.a(fixsfsi.o)
                                 0x78 (size before relaxing)
 .stab          0x00000d68      0x240 c:/program files/atmel/atmel studio 6.0/extensions/atmel/avrgcc/3.4.0.65/avrtoolchain/bin/../lib/gcc/avr/4.6.2/../../../../avr/lib/avrxmega7\libm.a(fixunssfsi.o)
                                0x24c (size before relaxing)
 .stab          0x00000fa8      0x318 c:/program files/atmel/atmel studio 6.0/extensions/atmel/avrgcc/3.4.0.65/avrtoolchain/bin/../lib/gcc/avr/4.6.2/../../../../avr/lib/avrxmega7\libm.a(floatsisf.o)
                                0x324 (size before relaxing)
 .stab          0x000012c0      0x1e0 c:/program files/atmel/atmel studio 6.0/extensions/atmel/avrgcc/3.4.0.65/avrtoolchain/bin/../lib/gcc/avr/4.6.2/../../../../avr/lib/avrxmega7\libm.a(fp_cmp.o)
                                0x1ec (size before relaxing)
 .stab          0x000014a0       0x78 c:/program files/atmel/atmel studio 6.0/extensions/atmel/avrgcc/3.4.0.65/avrtoolchain/bin/../lib/gcc/avr/4.6.2/../../../../avr/lib/avrxmega7\libm.a(fp_inf.o)
                                 0x84 (size before relaxing)
 .stab          0x00001518       0x54 c:/program files/atmel/atmel studio 6.0/extensions/atmel/avrgcc/3.4.0.65/avrtoolchain/bin/../lib/gcc/avr/4.6.2/../../../../avr/lib/avrxmega7\libm.a(fp_nan.o)
                                 0x60 (size before relaxing)
 .stab          0x0000156c       0x84 c:/program files/atmel/atmel studio 6.0/extensions/atmel/avrgcc/3.4.0.65/avrtoolchain/bin/../lib/gcc/avr/4.6.2/../../../../avr/lib/avrxmega7\libm.a(fp_pscA.o)
                                 0x90 (size before relaxing)
 .stab          0x000015f0       0x84 c:/program files/atmel/atmel studio 6.0/extensions/atmel/avrgcc/3.4.0.65/avrtoolchain/bin/../lib/gcc/avr/4.6.2/../../../../avr/lib/avrxmega7\libm.a(fp_pscB.o)
                                 0x90 (size before relaxing)
 .stab          0x00001674       0xfc c:/program files/atmel/atmel studio 6.0/extensions/atmel/avrgcc/3.4.0.65/avrtoolchain/bin/../lib/gcc/avr/4.6.2/../../../../avr/lib/avrxmega7\libm.a(fp_round.o)
                                0x108 (size before relaxing)
 .stab          0x00001770      0x1d4 c:/program files/atmel/atmel studio 6.0/extensions/atmel/avrgcc/3.4.0.65/avrtoolchain/bin/../lib/gcc/avr/4.6.2/../../../../avr/lib/avrxmega7\libm.a(fp_split3.o)
                                0x1e0 (size before relaxing)
 .stab          0x00001944       0x90 c:/program files/atmel/atmel studio 6.0/extensions/atmel/avrgcc/3.4.0.65/avrtoolchain/bin/../lib/gcc/avr/4.6.2/../../../../avr/lib/avrxmega7\libm.a(fp_zero.o)
                                 0x9c (size before relaxing)
 .stab          0x000019d4       0x48 c:/program files/atmel/atmel studio 6.0/extensions/atmel/avrgcc/3.4.0.65/avrtoolchain/bin/../lib/gcc/avr/4.6.2/../../../../avr/lib/avrxmega7\libm.a(mulsf3.o)
                                 0x54 (size before relaxing)
 .stab          0x00001a1c      0x4d4 c:/program files/atmel/atmel studio 6.0/extensions/atmel/avrgcc/3.4.0.65/avrtoolchain/bin/../lib/gcc/avr/4.6.2/../../../../avr/lib/avrxmega7\libm.a(mulsf3x.o)
                                0x4e0 (size before relaxing)
 .stab          0x00001ef0      0x174 c:/program files/atmel/atmel studio 6.0/extensions/atmel/avrgcc/3.4.0.65/avrtoolchain/bin/../lib/gcc/avr/4.6.2/../../../../avr/lib/avrxmega7\libc.a(atoi.o)
                                0x180 (size before relaxing)
 .stab          0x00002064       0x78 c:/program files/atmel/atmel studio 6.0/extensions/atmel/avrgcc/3.4.0.65/avrtoolchain/bin/../lib/gcc/avr/4.6.2/../../../../avr/lib/avrxmega7\libc.a(mul10.o)
                                 0x84 (size before relaxing)
 .stab          0x000020dc      0x12c c:/program files/atmel/atmel studio 6.0/extensions/atmel/avrgcc/3.4.0.65/avrtoolchain/bin/../lib/gcc/avr/4.6.2/../../../../avr/lib/avrxmega7\libc.a(utoa.o)
                                0x138 (size before relaxing)
 .stab          0x00002208       0xb4 c:/program files/atmel/atmel studio 6.0/extensions/atmel/avrgcc/3.4.0.65/avrtoolchain/bin/../lib/gcc/avr/4.6.2/../../../../avr/lib/avrxmega7\libc.a(eerd_block_atxmega128a1.o)
                                 0xc0 (size before relaxing)
 .stab          0x000022bc       0xfc c:/program files/atmel/atmel studio 6.0/extensions/atmel/avrgcc/3.4.0.65/avrtoolchain/bin/../lib/gcc/avr/4.6.2/../../../../avr/lib/avrxmega7\libc.a(eerd_byte_atxmega128a1.o)
                                0x108 (size before relaxing)
 .stab          0x000023b8       0x9c c:/program files/atmel/atmel studio 6.0/extensions/atmel/avrgcc/3.4.0.65/avrtoolchain/bin/../lib/gcc/avr/4.6.2/../../../../avr/lib/avrxmega7\libc.a(eewr_block_atxmega128a1.o)
                                 0xa8 (size before relaxing)
 .stab          0x00002454      0x1e0 c:/program files/atmel/atmel studio 6.0/extensions/atmel/avrgcc/3.4.0.65/avrtoolchain/bin/../lib/gcc/avr/4.6.2/../../../../avr/lib/avrxmega7\libc.a(eewr_byte_atxmega128a1.o)
                                0x1ec (size before relaxing)
 .stab          0x00002634       0x84 c:/program files/atmel/atmel studio 6.0/extensions/atmel/avrgcc/3.4.0.65/avrtoolchain/bin/../lib/gcc/avr/4.6.2/../../../../avr/lib/avrxmega7\libc.a(memcpy.o)
                                 0x90 (size before relaxing)
 .stab          0x000026b8       0xd8 c:/program files/atmel/atmel studio 6.0/extensions/atmel/avrgcc/3.4.0.65/avrtoolchain/bin/../lib/gcc/avr/4.6.2/../../../../avr/lib/avrxmega7\libc.a(strrev.o)
                                 0xe4 (size before relaxing)

.stabstr        0x00000000      0xa1e
 *(.stabstr)
 .stabstr       0x00000000      0xa1e c:/program files/atmel/atmel studio 6.0/extensions/atmel/avrgcc/3.4.0.65/avrtoolchain/bin/../lib/gcc/avr/4.6.2/../../../../avr/lib/avrxmega7/crtx128a1.o

.stab.excl
 *(.stab.excl)

.stab.exclstr
 *(.stab.exclstr)

.stab.index
 *(.stab.index)

.stab.indexstr
 *(.stab.indexstr)

.comment
 *(.comment)

.debug
 *(.debug)

.line
 *(.line)

.debug_srcinfo
 *(.debug_srcinfo)

.debug_sfnames
 *(.debug_sfnames)

.debug_aranges  0x00000000      0x260
 *(.debug_aranges)
 .debug_aranges
                0x00000000       0x20 adc.o
 .debug_aranges
                0x00000020       0x20 brain.o
 .debug_aranges
                0x00000040       0x20 eeprom.o
 .debug_aranges
                0x00000060       0x20 fp.o
 .debug_aranges
                0x00000080       0x20 lcd.o
 .debug_aranges
                0x000000a0       0x20 lcd_console.o
 .debug_aranges
                0x000000c0       0x20 lcd_touch.o
 .debug_aranges
                0x000000e0       0x20 pwr_adjust.o
 .debug_aranges
                0x00000100       0x20 pwr_main.o
 .debug_aranges
                0x00000120       0x20 main.o
 .debug_aranges
                0x00000140       0x20 quadrature.o
 .debug_aranges
                0x00000160       0x20 thermal.o
 .debug_aranges
                0x00000180       0x20 uart.o
 .debug_aranges
                0x000001a0       0x20 uart_buffer.o
 .debug_aranges
                0x000001c0       0x20 ui.o
 .debug_aranges
                0x000001e0       0x20 c:/program files/atmel/atmel studio 6.0/extensions/atmel/avrgcc/3.4.0.65/avrtoolchain/bin/../lib/gcc/avr/4.6.2/avrxmega7\libgcc.a(_exit.o)
 .debug_aranges
                0x00000200       0x20 c:/program files/atmel/atmel studio 6.0/extensions/atmel/avrgcc/3.4.0.65/avrtoolchain/bin/../lib/gcc/avr/4.6.2/avrxmega7\libgcc.a(_copy_data.o)
 .debug_aranges
                0x00000220       0x20 c:/program files/atmel/atmel studio 6.0/extensions/atmel/avrgcc/3.4.0.65/avrtoolchain/bin/../lib/gcc/avr/4.6.2/avrxmega7\libgcc.a(_clear_bss.o)
 .debug_aranges
                0x00000240       0x20 c:/program files/atmel/atmel studio 6.0/extensions/atmel/avrgcc/3.4.0.65/avrtoolchain/bin/../lib/gcc/avr/4.6.2/avrxmega7\libgcc.a(_udivmodhi4.o)

.debug_pubnames
 *(.debug_pubnames)

.debug_info     0x00000000     0x7acd
 *(.debug_info)
 .debug_info    0x00000000      0x95a adc.o
 .debug_info    0x0000095a      0x87a brain.o
 .debug_info    0x000011d4      0x1e6 eeprom.o
 .debug_info    0x000013ba      0x5ed fp.o
 .debug_info    0x000019a7      0x40e lcd.o
 .debug_info    0x00001db5      0x638 lcd_console.o
 .debug_info    0x000023ed      0x271 lcd_touch.o
 .debug_info    0x0000265e      0x734 pwr_adjust.o
 .debug_info    0x00002d92      0x2e6 pwr_main.o
 .debug_info    0x00003078      0xe09 main.o
 .debug_info    0x00003e81      0x2fb quadrature.o
 .debug_info    0x0000417c      0x6d6 thermal.o
 .debug_info    0x00004852      0x660 uart.o
 .debug_info    0x00004eb2     0x1df8 uart_buffer.o
 .debug_info    0x00006caa      0xa9b ui.o
 .debug_info    0x00007745       0xe2 c:/program files/atmel/atmel studio 6.0/extensions/atmel/avrgcc/3.4.0.65/avrtoolchain/bin/../lib/gcc/avr/4.6.2/avrxmega7\libgcc.a(_exit.o)
 .debug_info    0x00007827       0xe2 c:/program files/atmel/atmel studio 6.0/extensions/atmel/avrgcc/3.4.0.65/avrtoolchain/bin/../lib/gcc/avr/4.6.2/avrxmega7\libgcc.a(_copy_data.o)
 .debug_info    0x00007909       0xe2 c:/program files/atmel/atmel studio 6.0/extensions/atmel/avrgcc/3.4.0.65/avrtoolchain/bin/../lib/gcc/avr/4.6.2/avrxmega7\libgcc.a(_clear_bss.o)
 .debug_info    0x000079eb       0xe2 c:/program files/atmel/atmel studio 6.0/extensions/atmel/avrgcc/3.4.0.65/avrtoolchain/bin/../lib/gcc/avr/4.6.2/avrxmega7\libgcc.a(_udivmodhi4.o)
 *(.gnu.linkonce.wi.*)

.debug_abbrev   0x00000000     0x14a7
 *(.debug_abbrev)
 .debug_abbrev  0x00000000      0x1e7 adc.o
 .debug_abbrev  0x000001e7      0x17d brain.o
 .debug_abbrev  0x00000364       0x93 eeprom.o
 .debug_abbrev  0x000003f7      0x163 fp.o
 .debug_abbrev  0x0000055a      0x108 lcd.o
 .debug_abbrev  0x00000662      0x1ac lcd_console.o
 .debug_abbrev  0x0000080e       0xe9 lcd_touch.o
 .debug_abbrev  0x000008f7      0x185 pwr_adjust.o
 .debug_abbrev  0x00000a7c      0x147 pwr_main.o
 .debug_abbrev  0x00000bc3      0x154 main.o
 .debug_abbrev  0x00000d17       0xd7 quadrature.o
 .debug_abbrev  0x00000dee       0xc2 thermal.o
 .debug_abbrev  0x00000eb0      0x155 uart.o
 .debug_abbrev  0x00001005      0x2a4 uart_buffer.o
 .debug_abbrev  0x000012a9      0x1ae ui.o
 .debug_abbrev  0x00001457       0x14 c:/program files/atmel/atmel studio 6.0/extensions/atmel/avrgcc/3.4.0.65/avrtoolchain/bin/../lib/gcc/avr/4.6.2/avrxmega7\libgcc.a(_exit.o)
 .debug_abbrev  0x0000146b       0x14 c:/program files/atmel/atmel studio 6.0/extensions/atmel/avrgcc/3.4.0.65/avrtoolchain/bin/../lib/gcc/avr/4.6.2/avrxmega7\libgcc.a(_copy_data.o)
 .debug_abbrev  0x0000147f       0x14 c:/program files/atmel/atmel studio 6.0/extensions/atmel/avrgcc/3.4.0.65/avrtoolchain/bin/../lib/gcc/avr/4.6.2/avrxmega7\libgcc.a(_clear_bss.o)
 .debug_abbrev  0x00001493       0x14 c:/program files/atmel/atmel studio 6.0/extensions/atmel/avrgcc/3.4.0.65/avrtoolchain/bin/../lib/gcc/avr/4.6.2/avrxmega7\libgcc.a(_udivmodhi4.o)

.debug_line     0x00000000     0x283b
 *(.debug_line)
 .debug_line    0x00000000      0x24d adc.o
 .debug_line    0x0000024d      0x393 brain.o
 .debug_line    0x000005e0       0xfb eeprom.o
 .debug_line    0x000006db      0x27b fp.o
 .debug_line    0x00000956      0x217 lcd.o
 .debug_line    0x00000b6d      0x332 lcd_console.o
 .debug_line    0x00000e9f      0x19b lcd_touch.o
 .debug_line    0x0000103a      0x257 pwr_adjust.o
 .debug_line    0x00001291      0x198 pwr_main.o
 .debug_line    0x00001429      0x23c main.o
 .debug_line    0x00001665      0x1e9 quadrature.o
 .debug_line    0x0000184e       0xdb thermal.o
 .debug_line    0x00001929      0x2b0 uart.o
 .debug_line    0x00001bd9      0x86f uart_buffer.o
 .debug_line    0x00002448      0x1b0 ui.o
 .debug_line    0x000025f8       0x88 c:/program files/atmel/atmel studio 6.0/extensions/atmel/avrgcc/3.4.0.65/avrtoolchain/bin/../lib/gcc/avr/4.6.2/avrxmega7\libgcc.a(_exit.o)
 .debug_line    0x00002680       0x93 c:/program files/atmel/atmel studio 6.0/extensions/atmel/avrgcc/3.4.0.65/avrtoolchain/bin/../lib/gcc/avr/4.6.2/avrxmega7\libgcc.a(_copy_data.o)
 .debug_line    0x00002713       0x8e c:/program files/atmel/atmel studio 6.0/extensions/atmel/avrgcc/3.4.0.65/avrtoolchain/bin/../lib/gcc/avr/4.6.2/avrxmega7\libgcc.a(_clear_bss.o)
 .debug_line    0x000027a1       0x9a c:/program files/atmel/atmel studio 6.0/extensions/atmel/avrgcc/3.4.0.65/avrtoolchain/bin/../lib/gcc/avr/4.6.2/avrxmega7\libgcc.a(_udivmodhi4.o)

.debug_frame    0x00000000     0x118c
 *(.debug_frame)
 .debug_frame   0x00000000      0x130 adc.o
 .debug_frame   0x00000130      0x174 brain.o
 .debug_frame   0x000002a4       0x64 eeprom.o
 .debug_frame   0x00000308       0xc8 fp.o
 .debug_frame   0x000003d0      0x124 lcd.o
 .debug_frame   0x000004f4       0xf8 lcd_console.o
 .debug_frame   0x000005ec       0x54 lcd_touch.o
 .debug_frame   0x00000640      0x150 pwr_adjust.o
 .debug_frame   0x00000790       0x54 pwr_main.o
 .debug_frame   0x000007e4       0x44 main.o
 .debug_frame   0x00000828       0xb4 quadrature.o
 .debug_frame   0x000008dc       0x24 thermal.o
 .debug_frame   0x00000900      0x1c4 uart.o
 .debug_frame   0x00000ac4      0x618 uart_buffer.o
 .debug_frame   0x000010dc       0xb0 ui.o

.debug_str      0x00000000     0x1734
 *(.debug_str)
 .debug_str     0x00000000      0x6c7 adc.o
                                0x759 (size before relaxing)
 .debug_str     0x000006c7      0x3f2 brain.o
                                0x61a (size before relaxing)
 .debug_str     0x00000ab9       0x7a eeprom.o
                                0x1e0 (size before relaxing)
 .debug_str     0x00000b33       0xcf fp.o
                                0x3c3 (size before relaxing)
 .debug_str     0x00000c02       0xa1 lcd.o
                                0x2a7 (size before relaxing)
 .debug_str     0x00000ca3       0xd9 lcd_console.o
                                0x44a (size before relaxing)
 .debug_str     0x00000d7c       0x5a lcd_touch.o
                                0x21a (size before relaxing)
 .debug_str     0x00000dd6       0xe6 pwr_adjust.o
                                0x4a1 (size before relaxing)
 .debug_str     0x00000ebc       0x48 pwr_main.o
                                0x202 (size before relaxing)
 .debug_str     0x00000f04      0x3b2 main.o
                                0x89f (size before relaxing)
 .debug_str     0x000012b6       0x61 quadrature.o
                                0x237 (size before relaxing)
 .debug_str     0x00001317       0x65 thermal.o
                                0x419 (size before relaxing)
 .debug_str     0x0000137c      0x10c uart.o
                                0x300 (size before relaxing)
 .debug_str     0x00001488      0x218 uart_buffer.o
                                0x39c (size before relaxing)
 .debug_str     0x000016a0       0x94 ui.o
                                0x4db (size before relaxing)

.debug_loc      0x00000000     0x410c
 *(.debug_loc)
 .debug_loc     0x00000000      0x48a adc.o
 .debug_loc     0x0000048a      0x291 brain.o
 .debug_loc     0x0000071b      0x1a7 fp.o
 .debug_loc     0x000008c2      0x20e lcd.o
 .debug_loc     0x00000ad0      0x4db lcd_console.o
 .debug_loc     0x00000fab       0x72 lcd_touch.o
 .debug_loc     0x0000101d      0x307 pwr_adjust.o
 .debug_loc     0x00001324       0xab pwr_main.o
 .debug_loc     0x000013cf       0x55 main.o
 .debug_loc     0x00001424       0xc6 quadrature.o
 .debug_loc     0x000014ea      0xb4d uart.o
 .debug_loc     0x00002037     0x1fb6 uart_buffer.o
 .debug_loc     0x00003fed      0x11f ui.o

.debug_macinfo
 *(.debug_macinfo)
OUTPUT(SciPSU4-Firmware.elf elf32-avr)
LOAD linker stubs

.debug_ranges   0x00000000      0x858
 .debug_ranges  0x00000000       0x50 lcd_console.o
 .debug_ranges  0x00000050      0x808 uart_buffer.o
