Archive member included because of file (symbol)

c:/program files/atmel/atmel studio 6.0/extensions/atmel/avrgcc/3.4.0.65/avrtoolchain/bin/../lib/gcc/avr/4.6.2/../../../../avr/lib/avrxmega7\libm.a(cmpsf2.o)
                              adc.o (__ltsf2)
c:/program files/atmel/atmel studio 6.0/extensions/atmel/avrgcc/3.4.0.65/avrtoolchain/bin/../lib/gcc/avr/4.6.2/../../../../avr/lib/avrxmega7\libm.a(divsf3.o)
                              pwr_adjust.o (__divsf3)
c:/program files/atmel/atmel studio 6.0/extensions/atmel/avrgcc/3.4.0.65/avrtoolchain/bin/../lib/gcc/avr/4.6.2/../../../../avr/lib/avrxmega7\libm.a(divsf3x.o)
                              c:/program files/atmel/atmel studio 6.0/extensions/atmel/avrgcc/3.4.0.65/avrtoolchain/bin/../lib/gcc/avr/4.6.2/../../../../avr/lib/avrxmega7\libm.a(divsf3.o) (__divsf3x)
c:/program files/atmel/atmel studio 6.0/extensions/atmel/avrgcc/3.4.0.65/avrtoolchain/bin/../lib/gcc/avr/4.6.2/../../../../avr/lib/avrxmega7\libm.a(fixsfsi.o)
                              adc.o (__fixsfsi)
c:/program files/atmel/atmel studio 6.0/extensions/atmel/avrgcc/3.4.0.65/avrtoolchain/bin/../lib/gcc/avr/4.6.2/../../../../avr/lib/avrxmega7\libm.a(fixunssfsi.o)
                              c:/program files/atmel/atmel studio 6.0/extensions/atmel/avrgcc/3.4.0.65/avrtoolchain/bin/../lib/gcc/avr/4.6.2/../../../../avr/lib/avrxmega7\libm.a(fixsfsi.o) (__fixunssfsi)
c:/program files/atmel/atmel studio 6.0/extensions/atmel/avrgcc/3.4.0.65/avrtoolchain/bin/../lib/gcc/avr/4.6.2/../../../../avr/lib/avrxmega7\libm.a(floatsisf.o)
                              adc.o (__floatunsisf)
c:/program files/atmel/atmel studio 6.0/extensions/atmel/avrgcc/3.4.0.65/avrtoolchain/bin/../lib/gcc/avr/4.6.2/../../../../avr/lib/avrxmega7\libm.a(fp_cmp.o)
                              c:/program files/atmel/atmel studio 6.0/extensions/atmel/avrgcc/3.4.0.65/avrtoolchain/bin/../lib/gcc/avr/4.6.2/../../../../avr/lib/avrxmega7\libm.a(cmpsf2.o) (__fp_cmp)
c:/program files/atmel/atmel studio 6.0/extensions/atmel/avrgcc/3.4.0.65/avrtoolchain/bin/../lib/gcc/avr/4.6.2/../../../../avr/lib/avrxmega7\libm.a(fp_inf.o)
                              c:/program files/atmel/atmel studio 6.0/extensions/atmel/avrgcc/3.4.0.65/avrtoolchain/bin/../lib/gcc/avr/4.6.2/../../../../avr/lib/avrxmega7\libm.a(divsf3x.o) (__fp_inf)
c:/program files/atmel/atmel studio 6.0/extensions/atmel/avrgcc/3.4.0.65/avrtoolchain/bin/../lib/gcc/avr/4.6.2/../../../../avr/lib/avrxmega7\libm.a(fp_nan.o)
                              c:/program files/atmel/atmel studio 6.0/extensions/atmel/avrgcc/3.4.0.65/avrtoolchain/bin/../lib/gcc/avr/4.6.2/../../../../avr/lib/avrxmega7\libm.a(divsf3x.o) (__fp_nan)
c:/program files/atmel/atmel studio 6.0/extensions/atmel/avrgcc/3.4.0.65/avrtoolchain/bin/../lib/gcc/avr/4.6.2/../../../../avr/lib/avrxmega7\libm.a(fp_pscA.o)
                              c:/program files/atmel/atmel studio 6.0/extensions/atmel/avrgcc/3.4.0.65/avrtoolchain/bin/../lib/gcc/avr/4.6.2/../../../../avr/lib/avrxmega7\libm.a(divsf3x.o) (__fp_pscA)
c:/program files/atmel/atmel studio 6.0/extensions/atmel/avrgcc/3.4.0.65/avrtoolchain/bin/../lib/gcc/avr/4.6.2/../../../../avr/lib/avrxmega7\libm.a(fp_pscB.o)
                              c:/program files/atmel/atmel studio 6.0/extensions/atmel/avrgcc/3.4.0.65/avrtoolchain/bin/../lib/gcc/avr/4.6.2/../../../../avr/lib/avrxmega7\libm.a(divsf3x.o) (__fp_pscB)
c:/program files/atmel/atmel studio 6.0/extensions/atmel/avrgcc/3.4.0.65/avrtoolchain/bin/../lib/gcc/avr/4.6.2/../../../../avr/lib/avrxmega7\libm.a(fp_round.o)
                              c:/program files/atmel/atmel studio 6.0/extensions/atmel/avrgcc/3.4.0.65/avrtoolchain/bin/../lib/gcc/avr/4.6.2/../../../../avr/lib/avrxmega7\libm.a(divsf3.o) (__fp_round)
c:/program files/atmel/atmel studio 6.0/extensions/atmel/avrgcc/3.4.0.65/avrtoolchain/bin/../lib/gcc/avr/4.6.2/../../../../avr/lib/avrxmega7\libm.a(fp_split3.o)
                              c:/program files/atmel/atmel studio 6.0/extensions/atmel/avrgcc/3.4.0.65/avrtoolchain/bin/../lib/gcc/avr/4.6.2/../../../../avr/lib/avrxmega7\libm.a(divsf3x.o) (__fp_split3)
c:/program files/atmel/atmel studio 6.0/extensions/atmel/avrgcc/3.4.0.65/avrtoolchain/bin/../lib/gcc/avr/4.6.2/../../../../avr/lib/avrxmega7\libm.a(fp_zero.o)
                              c:/program files/atmel/atmel studio 6.0/extensions/atmel/avrgcc/3.4.0.65/avrtoolchain/bin/../lib/gcc/avr/4.6.2/../../../../avr/lib/avrxmega7\libm.a(fixunssfsi.o) (__fp_zero)
c:/program files/atmel/atmel studio 6.0/extensions/atmel/avrgcc/3.4.0.65/avrtoolchain/bin/../lib/gcc/avr/4.6.2/../../../../avr/lib/avrxmega7\libm.a(mulsf3.o)
                              adc.o (__mulsf3)
c:/program files/atmel/atmel studio 6.0/extensions/atmel/avrgcc/3.4.0.65/avrtoolchain/bin/../lib/gcc/avr/4.6.2/../../../../avr/lib/avrxmega7\libm.a(mulsf3x.o)
                              c:/program files/atmel/atmel studio 6.0/extensions/atmel/avrgcc/3.4.0.65/avrtoolchain/bin/../lib/gcc/avr/4.6.2/../../../../avr/lib/avrxmega7\libm.a(mulsf3.o) (__mulsf3x)
c:/program files/atmel/atmel studio 6.0/extensions/atmel/avrgcc/3.4.0.65/avrtoolchain/bin/../lib/gcc/avr/4.6.2/avrxmega7\libgcc.a(_exit.o)
                              c:/program files/atmel/atmel studio 6.0/extensions/atmel/avrgcc/3.4.0.65/avrtoolchain/bin/../lib/gcc/avr/4.6.2/../../../../avr/lib/avrxmega7/crtx128a1.o (exit)
c:/program files/atmel/atmel studio 6.0/extensions/atmel/avrgcc/3.4.0.65/avrtoolchain/bin/../lib/gcc/avr/4.6.2/avrxmega7\libgcc.a(_copy_data.o)
                              adc.o (__do_copy_data)
c:/program files/atmel/atmel studio 6.0/extensions/atmel/avrgcc/3.4.0.65/avrtoolchain/bin/../lib/gcc/avr/4.6.2/avrxmega7\libgcc.a(_clear_bss.o)
                              adc.o (__do_clear_bss)
c:/program files/atmel/atmel studio 6.0/extensions/atmel/avrgcc/3.4.0.65/avrtoolchain/bin/../lib/gcc/avr/4.6.2/../../../../avr/lib/avrxmega7\libc.a(utoa.o)
                              adc.o (utoa)
c:/program files/atmel/atmel studio 6.0/extensions/atmel/avrgcc/3.4.0.65/avrtoolchain/bin/../lib/gcc/avr/4.6.2/../../../../avr/lib/avrxmega7\libc.a(eerd_block_atxmega128a1.o)
                              eeprom.o (__eerd_block_x128a1)
c:/program files/atmel/atmel studio 6.0/extensions/atmel/avrgcc/3.4.0.65/avrtoolchain/bin/../lib/gcc/avr/4.6.2/../../../../avr/lib/avrxmega7\libc.a(eerd_byte_atxmega128a1.o)
                              eeprom.o (__eerd_byte_x128a1)
c:/program files/atmel/atmel studio 6.0/extensions/atmel/avrgcc/3.4.0.65/avrtoolchain/bin/../lib/gcc/avr/4.6.2/../../../../avr/lib/avrxmega7\libc.a(eewr_block_atxmega128a1.o)
                              eeprom.o (__eewr_block_x128a1)
c:/program files/atmel/atmel studio 6.0/extensions/atmel/avrgcc/3.4.0.65/avrtoolchain/bin/../lib/gcc/avr/4.6.2/../../../../avr/lib/avrxmega7\libc.a(eewr_byte_atxmega128a1.o)
                              eeprom.o (__eewr_byte_x128a1)
c:/program files/atmel/atmel studio 6.0/extensions/atmel/avrgcc/3.4.0.65/avrtoolchain/bin/../lib/gcc/avr/4.6.2/../../../../avr/lib/avrxmega7\libc.a(memcpy.o)
                              c:/program files/atmel/atmel studio 6.0/extensions/atmel/avrgcc/3.4.0.65/avrtoolchain/bin/../lib/gcc/avr/4.6.2/../../../../avr/lib/avrxmega7\libc.a(eerd_block_atxmega128a1.o) (memcpy)
c:/program files/atmel/atmel studio 6.0/extensions/atmel/avrgcc/3.4.0.65/avrtoolchain/bin/../lib/gcc/avr/4.6.2/../../../../avr/lib/avrxmega7\libc.a(strrev.o)
                              c:/program files/atmel/atmel studio 6.0/extensions/atmel/avrgcc/3.4.0.65/avrtoolchain/bin/../lib/gcc/avr/4.6.2/../../../../avr/lib/avrxmega7\libc.a(utoa.o) (strrev)
c:/program files/atmel/atmel studio 6.0/extensions/atmel/avrgcc/3.4.0.65/avrtoolchain/bin/../lib/gcc/avr/4.6.2/avrxmega7\libgcc.a(_udivmodhi4.o)
                              c:/program files/atmel/atmel studio 6.0/extensions/atmel/avrgcc/3.4.0.65/avrtoolchain/bin/../lib/gcc/avr/4.6.2/../../../../avr/lib/avrxmega7\libc.a(utoa.o) (__udivmodhi4)

Allocating common symbols
Common symbol       size              file

fp_button_time2     0x1               brain.o
uart_itail          0x6               uart_buffer.o
adc_current_offset  0x10              adc.o
fp_master_status    0x1               brain.o
pwr_adj_send_channels
                    0x1               brain.o
uart_ibuffer        0xc00             uart_buffer.o
lcd_flow_reboot     0x1               brain.o
fp_rot_status       0x1               brain.o
lcd_console         0x358             adc.o
STATE_power_channels
                    0x1               adc.o
fp_counter          0x1               brain.o
uart_head           0x6               uart_buffer.o
fp_button_time1     0x1               brain.o
STATE_menu          0x1               adc.o
pwr_adj_left_right  0x1               brain.o
pwr_adj_channel_num_in_progress
                    0x1               brain.o
STATE_power_output  0x1               adc.o
lcd_last_touch_command
                    0x1               brain.o
fp_channel_mask     0x1               brain.o
quad_state          0x1               brain.o
_audio_volume       0x1               ui.o
uart_buffer         0xc00             uart_buffer.o
_audio_num_beeps    0x1               ui.o
fp_counter2         0x1               brain.o
fp_updown           0x1               brain.o
uart_ihead          0x6               uart_buffer.o
adc_results         0x100             adc.o
quad_count          0x2               brain.o
lcd_touch_buffer    0x7               brain.o
uart_tail           0x6               uart_buffer.o
fp_press_counter    0x2               brain.o
fp_button_time0     0x1               brain.o
adc_head            0x1               adc.o
adc_bank            0x1               adc.o
pwr_adj_spi_state   0x1               brain.o
lcd_flow_control    0x1               brain.o
pwr_adj_channel_dirty
                    0x1               brain.o
lcd_console_head    0x1               adc.o
pwr_adj_values      0x10              brain.o
_audio_counter      0x1               ui.o
lcd_buffer_dirty    0x8               adc.o

Memory Configuration

Name             Origin             Length             Attributes
text             0x00000000         0x00100000         xr
data             0x00802000         0x0000ffa0         rw !x
eeprom           0x00810000         0x00010000         rw !x
fuse             0x00820000         0x00000400         rw !x
lock             0x00830000         0x00000400         rw !x
signature        0x00840000         0x00000400         rw !x
*default*        0x00000000         0xffffffff

Linker script and memory map

LOAD c:/program files/atmel/atmel studio 6.0/extensions/atmel/avrgcc/3.4.0.65/avrtoolchain/bin/../lib/gcc/avr/4.6.2/../../../../avr/lib/avrxmega7/crtx128a1.o
LOAD adc.o
LOAD brain.o
LOAD eeprom.o
LOAD fp.o
LOAD lcd.o
LOAD lcd_console.o
LOAD lcd_touch.o
LOAD pwr_adjust.o
LOAD pwr_main.o
LOAD main.o
LOAD quadrature.o
LOAD thermal.o
LOAD uart.o
LOAD uart_buffer.o
LOAD ui.o
START GROUP
LOAD c:/program files/atmel/atmel studio 6.0/extensions/atmel/avrgcc/3.4.0.65/avrtoolchain/bin/../lib/gcc/avr/4.6.2/../../../../avr/lib/avrxmega7\libm.a
END GROUP
LOAD c:/program files/atmel/atmel studio 6.0/extensions/atmel/avrgcc/3.4.0.65/avrtoolchain/bin/../lib/gcc/avr/4.6.2/avrxmega7\libgcc.a
LOAD c:/program files/atmel/atmel studio 6.0/extensions/atmel/avrgcc/3.4.0.65/avrtoolchain/bin/../lib/gcc/avr/4.6.2/../../../../avr/lib/avrxmega7\libc.a
LOAD c:/program files/atmel/atmel studio 6.0/extensions/atmel/avrgcc/3.4.0.65/avrtoolchain/bin/../lib/gcc/avr/4.6.2/avrxmega7\libgcc.a

.hash
 *(.hash)

.dynsym
 *(.dynsym)

.dynstr
 *(.dynstr)

.gnu.version
 *(.gnu.version)

.gnu.version_d
 *(.gnu.version_d)

.gnu.version_r
 *(.gnu.version_r)

.rel.init
 *(.rel.init)

.rela.init
 *(.rela.init)

.rel.text
 *(.rel.text)
 *(.rel.text.*)
 *(.rel.gnu.linkonce.t*)

.rela.text
 *(.rela.text)
 *(.rela.text.*)
 *(.rela.gnu.linkonce.t*)

.rel.fini
 *(.rel.fini)

.rela.fini
 *(.rela.fini)

.rel.rodata
 *(.rel.rodata)
 *(.rel.rodata.*)
 *(.rel.gnu.linkonce.r*)

.rela.rodata
 *(.rela.rodata)
 *(.rela.rodata.*)
 *(.rela.gnu.linkonce.r*)

.rel.data
 *(.rel.data)
 *(.rel.data.*)
 *(.rel.gnu.linkonce.d*)

.rela.data
 *(.rela.data)
 *(.rela.data.*)
 *(.rela.gnu.linkonce.d*)

.rel.ctors
 *(.rel.ctors)

.rela.ctors
 *(.rela.ctors)

.rel.dtors
 *(.rel.dtors)

.rela.dtors
 *(.rela.dtors)

.rel.got
 *(.rel.got)

.rela.got
 *(.rela.got)

.rel.bss
 *(.rel.bss)

.rela.bss
 *(.rela.bss)

.rel.plt
 *(.rel.plt)

.rela.plt
 *(.rela.plt)

.text           0x00000000     0x5eea
 *(.vectors)
 .vectors       0x00000000      0x1f4 c:/program files/atmel/atmel studio 6.0/extensions/atmel/avrgcc/3.4.0.65/avrtoolchain/bin/../lib/gcc/avr/4.6.2/../../../../avr/lib/avrxmega7/crtx128a1.o
                0x00000000                __vector_default
                0x00000000                __vectors
 *(.vectors)
 *(.progmem.gcc*)
 *(.progmem*)
                0x000001f4                . = ALIGN (0x2)
                0x000001f4                __trampolines_start = .
 *(.trampolines)
 .trampolines   0x000001f4        0x0 linker stubs
 *(.trampolines*)
                0x000001f4                __trampolines_end = .
 *(.jumptables)
 *(.jumptables*)
 *(.lowtext)
 *(.lowtext*)
                0x000001f4                __ctors_start = .
 *(.ctors)
                0x000001f4                __ctors_end = .
                0x000001f4                __dtors_start = .
 *(.dtors)
                0x000001f4                __dtors_end = .
 SORT(*)(.ctors)
 SORT(*)(.dtors)
 *(.init0)
 .init0         0x000001f4        0x0 c:/program files/atmel/atmel studio 6.0/extensions/atmel/avrgcc/3.4.0.65/avrtoolchain/bin/../lib/gcc/avr/4.6.2/../../../../avr/lib/avrxmega7/crtx128a1.o
                0x000001f4                __init
 *(.init0)
 *(.init1)
 *(.init1)
 *(.init2)
 .init2         0x000001f4       0x18 c:/program files/atmel/atmel studio 6.0/extensions/atmel/avrgcc/3.4.0.65/avrtoolchain/bin/../lib/gcc/avr/4.6.2/../../../../avr/lib/avrxmega7/crtx128a1.o
 *(.init2)
 *(.init3)
 *(.init3)
 *(.init4)
 .init4         0x0000020c       0x1a c:/program files/atmel/atmel studio 6.0/extensions/atmel/avrgcc/3.4.0.65/avrtoolchain/bin/../lib/gcc/avr/4.6.2/avrxmega7\libgcc.a(_copy_data.o)
                0x0000020c                __do_copy_data
 .init4         0x00000226       0x10 c:/program files/atmel/atmel studio 6.0/extensions/atmel/avrgcc/3.4.0.65/avrtoolchain/bin/../lib/gcc/avr/4.6.2/avrxmega7\libgcc.a(_clear_bss.o)
                0x00000226                __do_clear_bss
 *(.init4)
 *(.init5)
 *(.init5)
 *(.init6)
 *(.init6)
 *(.init7)
 *(.init7)
 *(.init8)
 *(.init8)
 *(.init9)
 .init9         0x00000236        0x8 c:/program files/atmel/atmel studio 6.0/extensions/atmel/avrgcc/3.4.0.65/avrtoolchain/bin/../lib/gcc/avr/4.6.2/../../../../avr/lib/avrxmega7/crtx128a1.o
 *(.init9)
 *(.text)
 .text          0x0000023e        0x4 c:/program files/atmel/atmel studio 6.0/extensions/atmel/avrgcc/3.4.0.65/avrtoolchain/bin/../lib/gcc/avr/4.6.2/../../../../avr/lib/avrxmega7/crtx128a1.o
                0x0000023e                __vector_38
                0x0000023e                __vector_104
                0x0000023e                __vector_22
                0x0000023e                __vector_63
                0x0000023e                __vector_67
                0x0000023e                __vector_1
                0x0000023e                __vector_119
                0x0000023e                __vector_32
                0x0000023e                __vector_75
                0x0000023e                __vector_71
                0x0000023e                __vector_91
                0x0000023e                __vector_34
                0x0000023e                __vector_62
                0x0000023e                __vector_77
                0x0000023e                __vector_102
                0x0000023e                __vector_24
                0x0000023e                __vector_12
                0x0000023e                __vector_55
                0x0000023e                __vector_69
                0x0000023e                __vector_81
                0x0000023e                __vector_90
                0x0000023e                __vector_46
                0x0000023e                __bad_interrupt
                0x0000023e                __vector_72
                0x0000023e                __vector_114
                0x0000023e                __vector_6
                0x0000023e                __vector_110
                0x0000023e                __vector_31
                0x0000023e                __vector_92
                0x0000023e                __vector_35
                0x0000023e                __vector_78
                0x0000023e                __vector_74
                0x0000023e                __vector_117
                0x0000023e                __vector_39
                0x0000023e                __vector_107
                0x0000023e                __vector_3
                0x0000023e                __vector_105
                0x0000023e                __vector_98
                0x0000023e                __vector_23
                0x0000023e                __vector_68
                0x0000023e                __vector_30
                0x0000023e                __vector_73
                0x0000023e                __vector_45
                0x0000023e                __vector_93
                0x0000023e                __vector_61
                0x0000023e                __vector_11
                0x0000023e                __vector_54
                0x0000023e                __vector_99
                0x0000023e                __vector_13
                0x0000023e                __vector_17
                0x0000023e                __vector_19
                0x0000023e                __vector_56
                0x0000023e                __vector_7
                0x0000023e                __vector_49
                0x0000023e                __vector_41
                0x0000023e                __vector_86
                0x0000023e                __vector_64
                0x0000023e                __vector_88
                0x0000023e                __vector_109
                0x0000023e                __vector_43
                0x0000023e                __vector_27
                0x0000023e                __vector_5
                0x0000023e                __vector_113
                0x0000023e                __vector_33
                0x0000023e                __vector_76
                0x0000023e                __vector_115
                0x0000023e                __vector_47
                0x0000023e                __vector_52
                0x0000023e                __vector_37
                0x0000023e                __vector_95
                0x0000023e                __vector_103
                0x0000023e                __vector_96
                0x0000023e                __vector_89
                0x0000023e                __vector_108
                0x0000023e                __vector_4
                0x0000023e                __vector_44
                0x0000023e                __vector_82
                0x0000023e                __vector_106
                0x0000023e                __vector_118
                0x0000023e                __vector_51
                0x0000023e                __vector_9
                0x0000023e                __vector_2
                0x0000023e                __vector_21
                0x0000023e                __vector_15
                0x0000023e                __vector_66
                0x0000023e                __vector_36
                0x0000023e                __vector_79
                0x0000023e                __vector_58
                0x0000023e                __vector_70
                0x0000023e                __vector_83
                0x0000023e                __vector_60
                0x0000023e                __vector_121
                0x0000023e                __vector_40
                0x0000023e                __vector_85
                0x0000023e                __vector_94
                0x0000023e                __vector_8
                0x0000023e                __vector_48
                0x0000023e                __vector_124
                0x0000023e                __vector_116
                0x0000023e                __vector_112
                0x0000023e                __vector_111
                0x0000023e                __vector_80
                0x0000023e                __vector_14
                0x0000023e                __vector_84
                0x0000023e                __vector_57
                0x0000023e                __vector_53
                0x0000023e                __vector_10
                0x0000023e                __vector_50
                0x0000023e                __vector_16
                0x0000023e                __vector_59
                0x0000023e                __vector_18
                0x0000023e                __vector_97
                0x0000023e                __vector_20
                0x0000023e                __vector_42
                0x0000023e                __vector_65
                0x0000023e                __vector_120
 .text          0x00000242      0x568 adc.o
                0x00000242                adc_read_cal_byte
                0x00000254                adc_bank_select
                0x0000029a                adc_convert
                0x000002b0                init_adc
                0x0000035a                adc_ftoa
                0x0000039e                adc_data
                0x00000506                adc_max
                0x0000053c                adjust
                0x00000554                service_adc
 .text          0x000007aa      0xa54 brain.o
                0x000007aa                brain_debug
                0x000007f6                brain_power_reset
                0x0000080e                init_brain
                0x0000081a                brain_menu_output
                0x0000082a                brain_menu_output_detail
                0x00000884                brain_menu_control
                0x00000894                brain_menu_control_dial
                0x0000090a                brain_menu_control_dial_select
                0x0000093c                brain_menu_console
                0x0000094c                brain_menu_update
                0x00000a02                brain_menu_load
                0x00000a62                brain_rotary_change
                0x00000b6e                brain_button_pressed
                0x00000b7e                brain_power_master
                0x00000bd2                brain_power
                0x00000c38                service_brain
 .text          0x000011fe       0x4e eeprom.o
                0x000011fe                eeprom_save
                0x0000121c                eeprom_restore
                0x0000123a                init_eeprom
                0x00001240                eeprom_read
                0x0000124a                service_eeprom
 .text          0x0000124c      0x40c fp.o
                0x0000124c                init_fp
                0x00001286                fp_led_enable
                0x000012de                fp_led_disable
                0x00001332                _fp_read_switches
                0x0000134e                _fp_switch_pressed
                0x000013c2                _fp_switch_released
                0x00001422                _process_switch
                0x0000146e                _fp_process_switches
                0x00001524                _fp_process_rotary
                0x000015b6                service_fp
 .text          0x00001658      0x284 lcd.o
                0x00001658                init_lcd
                0x00001666                lcd_reboot
                0x000016c4                lcd_command
                0x000016fc                _lcd_bubble
                0x0000173a                _lcd_no_bubble
                0x0000174c                lcd_d
                0x00001774                lcd_c
                0x0000179c                lcd_b
                0x000017c4                lcd_a
                0x000017ec                lcd_update
                0x00001838                service_lcd
 .text          0x000018dc      0x1b6 lcd_console.o
                0x000018dc                init_lcd_console
                0x0000190c                lcd_console_write
                0x00001a08                service_lcd_console
 .text          0x00001a92      0x3da lcd_touch.o
                0x00001a92                init_lcd_touch
                0x00001a9e                lcd_get_touch
                0x00001aaa                lcd_set_touch
                0x00001dae                service_lcd_touch
 .text          0x00001e6c      0x450 pwr_adjust.o
                0x00001e6c                init_pwr_adjust
                0x00001ea0                pwr_adj_spi_send
                0x00001efc                _pwr_adj_next
                0x00001f5c                pwr_adj_on
                0x00001fbc                pwr_adj_off
                0x0000200a                pwr_adj_change
                0x0000206a                pwr_adj_change_increment
                0x000020e0                pwr_adj_touch_dial
                0x000020e6                _pwr_adj_data
                0x00002124                pwr_adj_data
                0x0000219e                pwr_adj_control
                0x000021b8                __vector_87
                0x000022ba                service_pwr_adjust
 .text          0x000022bc       0xca pwr_main.o
                0x000022bc                init_pwr_main
                0x000022ca                pwr_main_on
                0x00002336                pwr_main_off
                0x00002384                service_pwr_main
 .text          0x00002386      0x184 main.o
                0x00002386                init_rtos_clock_external
                0x000023c8                init_rtos_clock_internal
                0x00002404                main
 .text          0x0000250a      0x21e quadrature.o
                0x0000250a                init_quadrature
                0x0000255a                quad_up
                0x00002570                quad_down
                0x00002586                __vector_100
                0x00002656                __vector_101
                0x00002726                service_quadrature
 .text          0x00002728       0x2c thermal.o
                0x00002728                init_thermal
 .text          0x00002754      0x8fe uart.o
                0x00002754                init_uart
                0x00002864                uart_send_byte
                0x00002870                uart_send_string
                0x000028c6                uart_send_BIN4
                0x00002b30                uart_send_BIN8
                0x00002b5e                uart_send_HEX4
                0x00002c2a                uart_send_HEX8
                0x00002c4e                uart_send_HEX16b
                0x00002c6c                uart_send_HEX16
                0x00002c8c                uart_enq_BIN4
                0x00002ef6                uart_enq_BIN8
                0x00002f24                uart_enq_HEX4
                0x00002ff0                uart_enq_HEX8
                0x00003014                uart_enq_HEX16b
                0x00003032                uart_enq_HEX16
 .text          0x00003052     0x286e uart_buffer.o
                0x00003052                __vector_25
                0x0000312e                __vector_28
                0x0000320a                uart_rxbuffer_enable
                0x00003214                uart_rxbuffer_disable
                0x0000321e                uart_txbuffer_enable
                0x00003228                uart_txbuffer_disable
                0x00003232                __vector_29
                0x00003378                __vector_26
                0x000034be                uart_transmit
                0x0000369a                uart_transmit_lcd
                0x00003ab2                __vector_123
                0x00003e56                __vector_122
                0x000040ac                uart_receive
                0x00004206                uart_receive_lcd
                0x0000448c                init_uart_obuffer
                0x000044ce                uart_count
                0x0000455c                uart_enqueue_string
                0x00004c68                uart_enqueue
                0x000052d2                uart_dequeue
                0x00005344                init_uart_ibuffer
                0x00005386                init_uart_buffer
                0x000053a8                init_uart_buffers
                0x000053c2                uart_icount
                0x00005450                uart_ienqueue
                0x000054c2                uart_idequeue
                0x00005534                service_uart_buffer
 .text          0x000058c0      0x1aa ui.o
                0x000058c0                led_on
                0x000058f8                led_off
                0x00005924                led_dim
                0x00005956                led_toggle
                0x00005988                audio_volume
                0x00005994                init_ui
                0x000059d8                _audio_beep
                0x000059f8                audio_beep
                0x00005a10                service_audio
 .text          0x00005a6a        0x0 c:/program files/atmel/atmel studio 6.0/extensions/atmel/avrgcc/3.4.0.65/avrtoolchain/bin/../lib/gcc/avr/4.6.2/../../../../avr/lib/avrxmega7\libm.a(cmpsf2.o)
 .text          0x00005a6a        0x0 c:/program files/atmel/atmel studio 6.0/extensions/atmel/avrgcc/3.4.0.65/avrtoolchain/bin/../lib/gcc/avr/4.6.2/../../../../avr/lib/avrxmega7\libm.a(divsf3.o)
 .text          0x00005a6a        0x0 c:/program files/atmel/atmel studio 6.0/extensions/atmel/avrgcc/3.4.0.65/avrtoolchain/bin/../lib/gcc/avr/4.6.2/../../../../avr/lib/avrxmega7\libm.a(divsf3x.o)
 .text          0x00005a6a        0x0 c:/program files/atmel/atmel studio 6.0/extensions/atmel/avrgcc/3.4.0.65/avrtoolchain/bin/../lib/gcc/avr/4.6.2/../../../../avr/lib/avrxmega7\libm.a(fixsfsi.o)
 .text          0x00005a6a        0x0 c:/program files/atmel/atmel studio 6.0/extensions/atmel/avrgcc/3.4.0.65/avrtoolchain/bin/../lib/gcc/avr/4.6.2/../../../../avr/lib/avrxmega7\libm.a(fixunssfsi.o)
 .text          0x00005a6a        0x0 c:/program files/atmel/atmel studio 6.0/extensions/atmel/avrgcc/3.4.0.65/avrtoolchain/bin/../lib/gcc/avr/4.6.2/../../../../avr/lib/avrxmega7\libm.a(floatsisf.o)
 .text          0x00005a6a        0x0 c:/program files/atmel/atmel studio 6.0/extensions/atmel/avrgcc/3.4.0.65/avrtoolchain/bin/../lib/gcc/avr/4.6.2/../../../../avr/lib/avrxmega7\libm.a(fp_cmp.o)
 .text          0x00005a6a        0x0 c:/program files/atmel/atmel studio 6.0/extensions/atmel/avrgcc/3.4.0.65/avrtoolchain/bin/../lib/gcc/avr/4.6.2/../../../../avr/lib/avrxmega7\libm.a(fp_inf.o)
 .text          0x00005a6a        0x0 c:/program files/atmel/atmel studio 6.0/extensions/atmel/avrgcc/3.4.0.65/avrtoolchain/bin/../lib/gcc/avr/4.6.2/../../../../avr/lib/avrxmega7\libm.a(fp_nan.o)
 .text          0x00005a6a        0x0 c:/program files/atmel/atmel studio 6.0/extensions/atmel/avrgcc/3.4.0.65/avrtoolchain/bin/../lib/gcc/avr/4.6.2/../../../../avr/lib/avrxmega7\libm.a(fp_pscA.o)
 .text          0x00005a6a        0x0 c:/program files/atmel/atmel studio 6.0/extensions/atmel/avrgcc/3.4.0.65/avrtoolchain/bin/../lib/gcc/avr/4.6.2/../../../../avr/lib/avrxmega7\libm.a(fp_pscB.o)
 .text          0x00005a6a        0x0 c:/program files/atmel/atmel studio 6.0/extensions/atmel/avrgcc/3.4.0.65/avrtoolchain/bin/../lib/gcc/avr/4.6.2/../../../../avr/lib/avrxmega7\libm.a(fp_round.o)
 .text          0x00005a6a        0x0 c:/program files/atmel/atmel studio 6.0/extensions/atmel/avrgcc/3.4.0.65/avrtoolchain/bin/../lib/gcc/avr/4.6.2/../../../../avr/lib/avrxmega7\libm.a(fp_split3.o)
 .text          0x00005a6a        0x0 c:/program files/atmel/atmel studio 6.0/extensions/atmel/avrgcc/3.4.0.65/avrtoolchain/bin/../lib/gcc/avr/4.6.2/../../../../avr/lib/avrxmega7\libm.a(fp_zero.o)
 .text          0x00005a6a        0x0 c:/program files/atmel/atmel studio 6.0/extensions/atmel/avrgcc/3.4.0.65/avrtoolchain/bin/../lib/gcc/avr/4.6.2/../../../../avr/lib/avrxmega7\libm.a(mulsf3.o)
 .text          0x00005a6a        0x0 c:/program files/atmel/atmel studio 6.0/extensions/atmel/avrgcc/3.4.0.65/avrtoolchain/bin/../lib/gcc/avr/4.6.2/../../../../avr/lib/avrxmega7\libm.a(mulsf3x.o)
 .text          0x00005a6a        0x0 c:/program files/atmel/atmel studio 6.0/extensions/atmel/avrgcc/3.4.0.65/avrtoolchain/bin/../lib/gcc/avr/4.6.2/avrxmega7\libgcc.a(_exit.o)
 .text          0x00005a6a        0x0 c:/program files/atmel/atmel studio 6.0/extensions/atmel/avrgcc/3.4.0.65/avrtoolchain/bin/../lib/gcc/avr/4.6.2/avrxmega7\libgcc.a(_copy_data.o)
 .text          0x00005a6a        0x0 c:/program files/atmel/atmel studio 6.0/extensions/atmel/avrgcc/3.4.0.65/avrtoolchain/bin/../lib/gcc/avr/4.6.2/avrxmega7\libgcc.a(_clear_bss.o)
 .text          0x00005a6a        0x0 c:/program files/atmel/atmel studio 6.0/extensions/atmel/avrgcc/3.4.0.65/avrtoolchain/bin/../lib/gcc/avr/4.6.2/../../../../avr/lib/avrxmega7\libc.a(utoa.o)
 .text          0x00005a6a        0x0 c:/program files/atmel/atmel studio 6.0/extensions/atmel/avrgcc/3.4.0.65/avrtoolchain/bin/../lib/gcc/avr/4.6.2/../../../../avr/lib/avrxmega7\libc.a(eerd_block_atxmega128a1.o)
 .text          0x00005a6a        0x0 c:/program files/atmel/atmel studio 6.0/extensions/atmel/avrgcc/3.4.0.65/avrtoolchain/bin/../lib/gcc/avr/4.6.2/../../../../avr/lib/avrxmega7\libc.a(eerd_byte_atxmega128a1.o)
 .text          0x00005a6a        0x0 c:/program files/atmel/atmel studio 6.0/extensions/atmel/avrgcc/3.4.0.65/avrtoolchain/bin/../lib/gcc/avr/4.6.2/../../../../avr/lib/avrxmega7\libc.a(eewr_block_atxmega128a1.o)
 .text          0x00005a6a        0x0 c:/program files/atmel/atmel studio 6.0/extensions/atmel/avrgcc/3.4.0.65/avrtoolchain/bin/../lib/gcc/avr/4.6.2/../../../../avr/lib/avrxmega7\libc.a(eewr_byte_atxmega128a1.o)
 .text          0x00005a6a        0x0 c:/program files/atmel/atmel studio 6.0/extensions/atmel/avrgcc/3.4.0.65/avrtoolchain/bin/../lib/gcc/avr/4.6.2/../../../../avr/lib/avrxmega7\libc.a(memcpy.o)
 .text          0x00005a6a        0x0 c:/program files/atmel/atmel studio 6.0/extensions/atmel/avrgcc/3.4.0.65/avrtoolchain/bin/../lib/gcc/avr/4.6.2/../../../../avr/lib/avrxmega7\libc.a(strrev.o)
 .text          0x00005a6a        0x0 c:/program files/atmel/atmel studio 6.0/extensions/atmel/avrgcc/3.4.0.65/avrtoolchain/bin/../lib/gcc/avr/4.6.2/avrxmega7\libgcc.a(_udivmodhi4.o)
                0x00005a6a                . = ALIGN (0x2)
 *(.text.*)
 .text.avr-libc.fplib
                0x00005a6a        0x8 c:/program files/atmel/atmel studio 6.0/extensions/atmel/avrgcc/3.4.0.65/avrtoolchain/bin/../lib/gcc/avr/4.6.2/../../../../avr/lib/avrxmega7\libm.a(cmpsf2.o)
                0x00005a6a                __nesf2
                0x00005a6a                __eqsf2
                0x00005a6a                __cmpsf2
                0x00005a6a                __ltsf2
                0x00005a6a                __lesf2
 .text.avr-libc.fplib
                0x00005a72        0x4 c:/program files/atmel/atmel studio 6.0/extensions/atmel/avrgcc/3.4.0.65/avrtoolchain/bin/../lib/gcc/avr/4.6.2/../../../../avr/lib/avrxmega7\libm.a(divsf3.o)
                0x00005a72                __divsf3
 .text.avr-libc.fplib
                0x00005a76       0xcc c:/program files/atmel/atmel studio 6.0/extensions/atmel/avrgcc/3.4.0.65/avrtoolchain/bin/../lib/gcc/avr/4.6.2/../../../../avr/lib/avrxmega7\libm.a(divsf3x.o)
                0x00005a8c                __divsf3x
                0x00005a90                __divsf3_pse
 .text.avr-libc.fplib
                0x00005b42        0xa c:/program files/atmel/atmel studio 6.0/extensions/atmel/avrgcc/3.4.0.65/avrtoolchain/bin/../lib/gcc/avr/4.6.2/../../../../avr/lib/avrxmega7\libm.a(fixsfsi.o)
                0x00005b42                __fixsfsi
 .text.avr-libc.fplib
                0x00005b4c       0x58 c:/program files/atmel/atmel studio 6.0/extensions/atmel/avrgcc/3.4.0.65/avrtoolchain/bin/../lib/gcc/avr/4.6.2/../../../../avr/lib/avrxmega7\libm.a(fixunssfsi.o)
                0x00005b4c                __fixunssfsi
 .text.avr-libc.fplib
                0x00005ba4       0x7a c:/program files/atmel/atmel studio 6.0/extensions/atmel/avrgcc/3.4.0.65/avrtoolchain/bin/../lib/gcc/avr/4.6.2/../../../../avr/lib/avrxmega7\libm.a(floatsisf.o)
                0x00005ba4                __floatunsisf
                0x00005ba8                __floatsisf
 .text.avr-libc.fplib
                0x00005c1e       0x48 c:/program files/atmel/atmel studio 6.0/extensions/atmel/avrgcc/3.4.0.65/avrtoolchain/bin/../lib/gcc/avr/4.6.2/../../../../avr/lib/avrxmega7\libm.a(fp_cmp.o)
                0x00005c1e                __fp_cmp
 .text.avr-libc.fplib
                0x00005c66        0xc c:/program files/atmel/atmel studio 6.0/extensions/atmel/avrgcc/3.4.0.65/avrtoolchain/bin/../lib/gcc/avr/4.6.2/../../../../avr/lib/avrxmega7\libm.a(fp_inf.o)
                0x00005c66                __fp_inf
 .text.avr-libc.fplib
                0x00005c72        0x6 c:/program files/atmel/atmel studio 6.0/extensions/atmel/avrgcc/3.4.0.65/avrtoolchain/bin/../lib/gcc/avr/4.6.2/../../../../avr/lib/avrxmega7\libm.a(fp_nan.o)
                0x00005c72                __fp_nan
 .text.avr-libc.fplib
                0x00005c78        0xe c:/program files/atmel/atmel studio 6.0/extensions/atmel/avrgcc/3.4.0.65/avrtoolchain/bin/../lib/gcc/avr/4.6.2/../../../../avr/lib/avrxmega7\libm.a(fp_pscA.o)
                0x00005c78                __fp_pscA
 .text.avr-libc.fplib
                0x00005c86        0xe c:/program files/atmel/atmel studio 6.0/extensions/atmel/avrgcc/3.4.0.65/avrtoolchain/bin/../lib/gcc/avr/4.6.2/../../../../avr/lib/avrxmega7\libm.a(fp_pscB.o)
                0x00005c86                __fp_pscB
 .text.avr-libc.fplib
                0x00005c94       0x22 c:/program files/atmel/atmel studio 6.0/extensions/atmel/avrgcc/3.4.0.65/avrtoolchain/bin/../lib/gcc/avr/4.6.2/../../../../avr/lib/avrxmega7\libm.a(fp_round.o)
                0x00005c94                __fp_round
 .text.avr-libc.fplib
                0x00005cb6       0x44 c:/program files/atmel/atmel studio 6.0/extensions/atmel/avrgcc/3.4.0.65/avrtoolchain/bin/../lib/gcc/avr/4.6.2/../../../../avr/lib/avrxmega7\libm.a(fp_split3.o)
                0x00005cb6                __fp_split3
                0x00005cc6                __fp_splitA
 .text.avr-libc.fplib
                0x00005cfa        0xe c:/program files/atmel/atmel studio 6.0/extensions/atmel/avrgcc/3.4.0.65/avrtoolchain/bin/../lib/gcc/avr/4.6.2/../../../../avr/lib/avrxmega7\libm.a(fp_zero.o)
                0x00005cfa                __fp_zero
                0x00005cfc                __fp_szero
 .text.avr-libc.fplib
                0x00005d08        0x4 c:/program files/atmel/atmel studio 6.0/extensions/atmel/avrgcc/3.4.0.65/avrtoolchain/bin/../lib/gcc/avr/4.6.2/../../../../avr/lib/avrxmega7\libm.a(mulsf3.o)
                0x00005d08                __mulsf3
 .text.avr-libc.fplib
                0x00005d0c       0xc2 c:/program files/atmel/atmel studio 6.0/extensions/atmel/avrgcc/3.4.0.65/avrtoolchain/bin/../lib/gcc/avr/4.6.2/../../../../avr/lib/avrxmega7\libm.a(mulsf3x.o)
                0x00005d20                __mulsf3x
                0x00005d24                __mulsf3_pse
 .text.libgcc   0x00005dce        0x0 c:/program files/atmel/atmel studio 6.0/extensions/atmel/avrgcc/3.4.0.65/avrtoolchain/bin/../lib/gcc/avr/4.6.2/avrxmega7\libgcc.a(_exit.o)
 .text.libgcc   0x00005dce        0x0 c:/program files/atmel/atmel studio 6.0/extensions/atmel/avrgcc/3.4.0.65/avrtoolchain/bin/../lib/gcc/avr/4.6.2/avrxmega7\libgcc.a(_copy_data.o)
 .text.libgcc   0x00005dce        0x0 c:/program files/atmel/atmel studio 6.0/extensions/atmel/avrgcc/3.4.0.65/avrtoolchain/bin/../lib/gcc/avr/4.6.2/avrxmega7\libgcc.a(_clear_bss.o)
 .text.avr-libc
                0x00005dce       0x2c c:/program files/atmel/atmel studio 6.0/extensions/atmel/avrgcc/3.4.0.65/avrtoolchain/bin/../lib/gcc/avr/4.6.2/../../../../avr/lib/avrxmega7\libc.a(utoa.o)
                0x00005dce                utoa
 .text.avr-libc
                0x00005dfa       0x18 c:/program files/atmel/atmel studio 6.0/extensions/atmel/avrgcc/3.4.0.65/avrtoolchain/bin/../lib/gcc/avr/4.6.2/../../../../avr/lib/avrxmega7\libc.a(eerd_block_atxmega128a1.o)
                0x00005dfa                __eerd_block_x128a1
 .text.avr-libc
                0x00005e12       0x20 c:/program files/atmel/atmel studio 6.0/extensions/atmel/avrgcc/3.4.0.65/avrtoolchain/bin/../lib/gcc/avr/4.6.2/../../../../avr/lib/avrxmega7\libc.a(eerd_byte_atxmega128a1.o)
                0x00005e12                __eerd_byte_x128a1
                0x00005e1a                eeprom_mapen
 .text.avr-libc
                0x00005e32       0x14 c:/program files/atmel/atmel studio 6.0/extensions/atmel/avrgcc/3.4.0.65/avrtoolchain/bin/../lib/gcc/avr/4.6.2/../../../../avr/lib/avrxmega7\libc.a(eewr_block_atxmega128a1.o)
                0x00005e32                __eewr_block_x128a1
 .text.avr-libc
                0x00005e46       0x46 c:/program files/atmel/atmel studio 6.0/extensions/atmel/avrgcc/3.4.0.65/avrtoolchain/bin/../lib/gcc/avr/4.6.2/../../../../avr/lib/avrxmega7\libc.a(eewr_byte_atxmega128a1.o)
                0x00005e46                __eewr_byte_x128a1
                0x00005e48                __eewr_r18_x128a1
 .text.avr-libc
                0x00005e8c       0x12 c:/program files/atmel/atmel studio 6.0/extensions/atmel/avrgcc/3.4.0.65/avrtoolchain/bin/../lib/gcc/avr/4.6.2/../../../../avr/lib/avrxmega7\libc.a(memcpy.o)
                0x00005e8c                memcpy
 .text.avr-libc
                0x00005e9e       0x20 c:/program files/atmel/atmel studio 6.0/extensions/atmel/avrgcc/3.4.0.65/avrtoolchain/bin/../lib/gcc/avr/4.6.2/../../../../avr/lib/avrxmega7\libc.a(strrev.o)
                0x00005e9e                strrev
 .text.libgcc   0x00005ebe       0x28 c:/program files/atmel/atmel studio 6.0/extensions/atmel/avrgcc/3.4.0.65/avrtoolchain/bin/../lib/gcc/avr/4.6.2/avrxmega7\libgcc.a(_udivmodhi4.o)
                0x00005ebe                __udivmodhi4
                0x00005ee6                . = ALIGN (0x2)
 *(.fini9)
 .fini9         0x00005ee6        0x0 c:/program files/atmel/atmel studio 6.0/extensions/atmel/avrgcc/3.4.0.65/avrtoolchain/bin/../lib/gcc/avr/4.6.2/avrxmega7\libgcc.a(_exit.o)
                0x00005ee6                _exit
                0x00005ee6                exit
 *(.fini9)
 *(.fini8)
 *(.fini8)
 *(.fini7)
 *(.fini7)
 *(.fini6)
 *(.fini6)
 *(.fini5)
 *(.fini5)
 *(.fini4)
 *(.fini4)
 *(.fini3)
 *(.fini3)
 *(.fini2)
 *(.fini2)
 *(.fini1)
 *(.fini1)
 *(.fini0)
 .fini0         0x00005ee6        0x4 c:/program files/atmel/atmel studio 6.0/extensions/atmel/avrgcc/3.4.0.65/avrtoolchain/bin/../lib/gcc/avr/4.6.2/avrxmega7\libgcc.a(_exit.o)
 *(.fini0)
                0x00005eea                _etext = .

.data           0x00802000      0x214 load address 0x00005eea
                0x00802000                PROVIDE (__data_start, .)
 *(.data)
 .data          0x00802000        0x0 c:/program files/atmel/atmel studio 6.0/extensions/atmel/avrgcc/3.4.0.65/avrtoolchain/bin/../lib/gcc/avr/4.6.2/../../../../avr/lib/avrxmega7/crtx128a1.o
 .data          0x00802000        0x0 adc.o
 .data          0x00802000      0x158 brain.o
 .data          0x00802158        0x0 eeprom.o
 .data          0x00802158        0x2 fp.o
 .data          0x0080215a       0xb8 lcd.o
 .data          0x00802212        0x0 lcd_console.o
 .data          0x00802212        0x0 lcd_touch.o
 .data          0x00802212        0x0 pwr_adjust.o
 .data          0x00802212        0x0 pwr_main.o
 .data          0x00802212        0x0 main.o
 .data          0x00802212        0x0 quadrature.o
 .data          0x00802212        0x0 thermal.o
 .data          0x00802212        0x0 uart.o
 .data          0x00802212        0x0 uart_buffer.o
 .data          0x00802212        0x1 ui.o
                0x00802212                _audio_state
 .data          0x00802213        0x0 c:/program files/atmel/atmel studio 6.0/extensions/atmel/avrgcc/3.4.0.65/avrtoolchain/bin/../lib/gcc/avr/4.6.2/../../../../avr/lib/avrxmega7\libm.a(cmpsf2.o)
 .data          0x00802213        0x0 c:/program files/atmel/atmel studio 6.0/extensions/atmel/avrgcc/3.4.0.65/avrtoolchain/bin/../lib/gcc/avr/4.6.2/../../../../avr/lib/avrxmega7\libm.a(divsf3.o)
 .data          0x00802213        0x0 c:/program files/atmel/atmel studio 6.0/extensions/atmel/avrgcc/3.4.0.65/avrtoolchain/bin/../lib/gcc/avr/4.6.2/../../../../avr/lib/avrxmega7\libm.a(divsf3x.o)
 .data          0x00802213        0x0 c:/program files/atmel/atmel studio 6.0/extensions/atmel/avrgcc/3.4.0.65/avrtoolchain/bin/../lib/gcc/avr/4.6.2/../../../../avr/lib/avrxmega7\libm.a(fixsfsi.o)
 .data          0x00802213        0x0 c:/program files/atmel/atmel studio 6.0/extensions/atmel/avrgcc/3.4.0.65/avrtoolchain/bin/../lib/gcc/avr/4.6.2/../../../../avr/lib/avrxmega7\libm.a(fixunssfsi.o)
 .data          0x00802213        0x0 c:/program files/atmel/atmel studio 6.0/extensions/atmel/avrgcc/3.4.0.65/avrtoolchain/bin/../lib/gcc/avr/4.6.2/../../../../avr/lib/avrxmega7\libm.a(floatsisf.o)
 .data          0x00802213        0x0 c:/program files/atmel/atmel studio 6.0/extensions/atmel/avrgcc/3.4.0.65/avrtoolchain/bin/../lib/gcc/avr/4.6.2/../../../../avr/lib/avrxmega7\libm.a(fp_cmp.o)
 .data          0x00802213        0x0 c:/program files/atmel/atmel studio 6.0/extensions/atmel/avrgcc/3.4.0.65/avrtoolchain/bin/../lib/gcc/avr/4.6.2/../../../../avr/lib/avrxmega7\libm.a(fp_inf.o)
 .data          0x00802213        0x0 c:/program files/atmel/atmel studio 6.0/extensions/atmel/avrgcc/3.4.0.65/avrtoolchain/bin/../lib/gcc/avr/4.6.2/../../../../avr/lib/avrxmega7\libm.a(fp_nan.o)
 .data          0x00802213        0x0 c:/program files/atmel/atmel studio 6.0/extensions/atmel/avrgcc/3.4.0.65/avrtoolchain/bin/../lib/gcc/avr/4.6.2/../../../../avr/lib/avrxmega7\libm.a(fp_pscA.o)
 .data          0x00802213        0x0 c:/program files/atmel/atmel studio 6.0/extensions/atmel/avrgcc/3.4.0.65/avrtoolchain/bin/../lib/gcc/avr/4.6.2/../../../../avr/lib/avrxmega7\libm.a(fp_pscB.o)
 .data          0x00802213        0x0 c:/program files/atmel/atmel studio 6.0/extensions/atmel/avrgcc/3.4.0.65/avrtoolchain/bin/../lib/gcc/avr/4.6.2/../../../../avr/lib/avrxmega7\libm.a(fp_round.o)
 .data          0x00802213        0x0 c:/program files/atmel/atmel studio 6.0/extensions/atmel/avrgcc/3.4.0.65/avrtoolchain/bin/../lib/gcc/avr/4.6.2/../../../../avr/lib/avrxmega7\libm.a(fp_split3.o)
 .data          0x00802213        0x0 c:/program files/atmel/atmel studio 6.0/extensions/atmel/avrgcc/3.4.0.65/avrtoolchain/bin/../lib/gcc/avr/4.6.2/../../../../avr/lib/avrxmega7\libm.a(fp_zero.o)
 .data          0x00802213        0x0 c:/program files/atmel/atmel studio 6.0/extensions/atmel/avrgcc/3.4.0.65/avrtoolchain/bin/../lib/gcc/avr/4.6.2/../../../../avr/lib/avrxmega7\libm.a(mulsf3.o)
 .data          0x00802213        0x0 c:/program files/atmel/atmel studio 6.0/extensions/atmel/avrgcc/3.4.0.65/avrtoolchain/bin/../lib/gcc/avr/4.6.2/../../../../avr/lib/avrxmega7\libm.a(mulsf3x.o)
 .data          0x00802213        0x0 c:/program files/atmel/atmel studio 6.0/extensions/atmel/avrgcc/3.4.0.65/avrtoolchain/bin/../lib/gcc/avr/4.6.2/avrxmega7\libgcc.a(_exit.o)
 .data          0x00802213        0x0 c:/program files/atmel/atmel studio 6.0/extensions/atmel/avrgcc/3.4.0.65/avrtoolchain/bin/../lib/gcc/avr/4.6.2/avrxmega7\libgcc.a(_copy_data.o)
 .data          0x00802213        0x0 c:/program files/atmel/atmel studio 6.0/extensions/atmel/avrgcc/3.4.0.65/avrtoolchain/bin/../lib/gcc/avr/4.6.2/avrxmega7\libgcc.a(_clear_bss.o)
 .data          0x00802213        0x0 c:/program files/atmel/atmel studio 6.0/extensions/atmel/avrgcc/3.4.0.65/avrtoolchain/bin/../lib/gcc/avr/4.6.2/../../../../avr/lib/avrxmega7\libc.a(utoa.o)
 .data          0x00802213        0x0 c:/program files/atmel/atmel studio 6.0/extensions/atmel/avrgcc/3.4.0.65/avrtoolchain/bin/../lib/gcc/avr/4.6.2/../../../../avr/lib/avrxmega7\libc.a(eerd_block_atxmega128a1.o)
 .data          0x00802213        0x0 c:/program files/atmel/atmel studio 6.0/extensions/atmel/avrgcc/3.4.0.65/avrtoolchain/bin/../lib/gcc/avr/4.6.2/../../../../avr/lib/avrxmega7\libc.a(eerd_byte_atxmega128a1.o)
 .data          0x00802213        0x0 c:/program files/atmel/atmel studio 6.0/extensions/atmel/avrgcc/3.4.0.65/avrtoolchain/bin/../lib/gcc/avr/4.6.2/../../../../avr/lib/avrxmega7\libc.a(eewr_block_atxmega128a1.o)
 .data          0x00802213        0x0 c:/program files/atmel/atmel studio 6.0/extensions/atmel/avrgcc/3.4.0.65/avrtoolchain/bin/../lib/gcc/avr/4.6.2/../../../../avr/lib/avrxmega7\libc.a(eewr_byte_atxmega128a1.o)
 .data          0x00802213        0x0 c:/program files/atmel/atmel studio 6.0/extensions/atmel/avrgcc/3.4.0.65/avrtoolchain/bin/../lib/gcc/avr/4.6.2/../../../../avr/lib/avrxmega7\libc.a(memcpy.o)
 .data          0x00802213        0x0 c:/program files/atmel/atmel studio 6.0/extensions/atmel/avrgcc/3.4.0.65/avrtoolchain/bin/../lib/gcc/avr/4.6.2/../../../../avr/lib/avrxmega7\libc.a(strrev.o)
 .data          0x00802213        0x0 c:/program files/atmel/atmel studio 6.0/extensions/atmel/avrgcc/3.4.0.65/avrtoolchain/bin/../lib/gcc/avr/4.6.2/avrxmega7\libgcc.a(_udivmodhi4.o)
 *(.data*)
 *(.rodata)
 *(.rodata*)
 *(.gnu.linkonce.d*)
                0x00802214                . = ALIGN (0x2)
 *fill*         0x00802213        0x1 00
                0x00802214                _edata = .
                0x00802214                PROVIDE (__data_end, .)

.bss            0x00802214     0x1cc4
                0x00802214                PROVIDE (__bss_start, .)
 *(.bss)
 .bss           0x00802214        0x0 c:/program files/atmel/atmel studio 6.0/extensions/atmel/avrgcc/3.4.0.65/avrtoolchain/bin/../lib/gcc/avr/4.6.2/../../../../avr/lib/avrxmega7/crtx128a1.o
 .bss           0x00802214        0x0 adc.o
 .bss           0x00802214        0x3 brain.o
 .bss           0x00802217        0x0 eeprom.o
 .bss           0x00802217        0x0 fp.o
 .bss           0x00802217        0x2 lcd.o
 .bss           0x00802219        0x1 lcd_console.o
 .bss           0x0080221a        0x0 lcd_touch.o
 .bss           0x0080221a        0x0 pwr_adjust.o
 .bss           0x0080221a        0x0 pwr_main.o
 .bss           0x0080221a        0x0 main.o
 .bss           0x0080221a        0x0 quadrature.o
 .bss           0x0080221a        0x0 thermal.o
 .bss           0x0080221a        0x0 uart.o
 .bss           0x0080221a        0x0 uart_buffer.o
 .bss           0x0080221a        0x0 ui.o
 .bss           0x0080221a        0x0 c:/program files/atmel/atmel studio 6.0/extensions/atmel/avrgcc/3.4.0.65/avrtoolchain/bin/../lib/gcc/avr/4.6.2/../../../../avr/lib/avrxmega7\libm.a(cmpsf2.o)
 .bss           0x0080221a        0x0 c:/program files/atmel/atmel studio 6.0/extensions/atmel/avrgcc/3.4.0.65/avrtoolchain/bin/../lib/gcc/avr/4.6.2/../../../../avr/lib/avrxmega7\libm.a(divsf3.o)
 .bss           0x0080221a        0x0 c:/program files/atmel/atmel studio 6.0/extensions/atmel/avrgcc/3.4.0.65/avrtoolchain/bin/../lib/gcc/avr/4.6.2/../../../../avr/lib/avrxmega7\libm.a(divsf3x.o)
 .bss           0x0080221a        0x0 c:/program files/atmel/atmel studio 6.0/extensions/atmel/avrgcc/3.4.0.65/avrtoolchain/bin/../lib/gcc/avr/4.6.2/../../../../avr/lib/avrxmega7\libm.a(fixsfsi.o)
 .bss           0x0080221a        0x0 c:/program files/atmel/atmel studio 6.0/extensions/atmel/avrgcc/3.4.0.65/avrtoolchain/bin/../lib/gcc/avr/4.6.2/../../../../avr/lib/avrxmega7\libm.a(fixunssfsi.o)
 .bss           0x0080221a        0x0 c:/program files/atmel/atmel studio 6.0/extensions/atmel/avrgcc/3.4.0.65/avrtoolchain/bin/../lib/gcc/avr/4.6.2/../../../../avr/lib/avrxmega7\libm.a(floatsisf.o)
 .bss           0x0080221a        0x0 c:/program files/atmel/atmel studio 6.0/extensions/atmel/avrgcc/3.4.0.65/avrtoolchain/bin/../lib/gcc/avr/4.6.2/../../../../avr/lib/avrxmega7\libm.a(fp_cmp.o)
 .bss           0x0080221a        0x0 c:/program files/atmel/atmel studio 6.0/extensions/atmel/avrgcc/3.4.0.65/avrtoolchain/bin/../lib/gcc/avr/4.6.2/../../../../avr/lib/avrxmega7\libm.a(fp_inf.o)
 .bss           0x0080221a        0x0 c:/program files/atmel/atmel studio 6.0/extensions/atmel/avrgcc/3.4.0.65/avrtoolchain/bin/../lib/gcc/avr/4.6.2/../../../../avr/lib/avrxmega7\libm.a(fp_nan.o)
 .bss           0x0080221a        0x0 c:/program files/atmel/atmel studio 6.0/extensions/atmel/avrgcc/3.4.0.65/avrtoolchain/bin/../lib/gcc/avr/4.6.2/../../../../avr/lib/avrxmega7\libm.a(fp_pscA.o)
 .bss           0x0080221a        0x0 c:/program files/atmel/atmel studio 6.0/extensions/atmel/avrgcc/3.4.0.65/avrtoolchain/bin/../lib/gcc/avr/4.6.2/../../../../avr/lib/avrxmega7\libm.a(fp_pscB.o)
 .bss           0x0080221a        0x0 c:/program files/atmel/atmel studio 6.0/extensions/atmel/avrgcc/3.4.0.65/avrtoolchain/bin/../lib/gcc/avr/4.6.2/../../../../avr/lib/avrxmega7\libm.a(fp_round.o)
 .bss           0x0080221a        0x0 c:/program files/atmel/atmel studio 6.0/extensions/atmel/avrgcc/3.4.0.65/avrtoolchain/bin/../lib/gcc/avr/4.6.2/../../../../avr/lib/avrxmega7\libm.a(fp_split3.o)
 .bss           0x0080221a        0x0 c:/program files/atmel/atmel studio 6.0/extensions/atmel/avrgcc/3.4.0.65/avrtoolchain/bin/../lib/gcc/avr/4.6.2/../../../../avr/lib/avrxmega7\libm.a(fp_zero.o)
 .bss           0x0080221a        0x0 c:/program files/atmel/atmel studio 6.0/extensions/atmel/avrgcc/3.4.0.65/avrtoolchain/bin/../lib/gcc/avr/4.6.2/../../../../avr/lib/avrxmega7\libm.a(mulsf3.o)
 .bss           0x0080221a        0x0 c:/program files/atmel/atmel studio 6.0/extensions/atmel/avrgcc/3.4.0.65/avrtoolchain/bin/../lib/gcc/avr/4.6.2/../../../../avr/lib/avrxmega7\libm.a(mulsf3x.o)
 .bss           0x0080221a        0x0 c:/program files/atmel/atmel studio 6.0/extensions/atmel/avrgcc/3.4.0.65/avrtoolchain/bin/../lib/gcc/avr/4.6.2/avrxmega7\libgcc.a(_exit.o)
 .bss           0x0080221a        0x0 c:/program files/atmel/atmel studio 6.0/extensions/atmel/avrgcc/3.4.0.65/avrtoolchain/bin/../lib/gcc/avr/4.6.2/avrxmega7\libgcc.a(_copy_data.o)
 .bss           0x0080221a        0x0 c:/program files/atmel/atmel studio 6.0/extensions/atmel/avrgcc/3.4.0.65/avrtoolchain/bin/../lib/gcc/avr/4.6.2/avrxmega7\libgcc.a(_clear_bss.o)
 .bss           0x0080221a        0x0 c:/program files/atmel/atmel studio 6.0/extensions/atmel/avrgcc/3.4.0.65/avrtoolchain/bin/../lib/gcc/avr/4.6.2/../../../../avr/lib/avrxmega7\libc.a(utoa.o)
 .bss           0x0080221a        0x0 c:/program files/atmel/atmel studio 6.0/extensions/atmel/avrgcc/3.4.0.65/avrtoolchain/bin/../lib/gcc/avr/4.6.2/../../../../avr/lib/avrxmega7\libc.a(eerd_block_atxmega128a1.o)
 .bss           0x0080221a        0x0 c:/program files/atmel/atmel studio 6.0/extensions/atmel/avrgcc/3.4.0.65/avrtoolchain/bin/../lib/gcc/avr/4.6.2/../../../../avr/lib/avrxmega7\libc.a(eerd_byte_atxmega128a1.o)
 .bss           0x0080221a        0x0 c:/program files/atmel/atmel studio 6.0/extensions/atmel/avrgcc/3.4.0.65/avrtoolchain/bin/../lib/gcc/avr/4.6.2/../../../../avr/lib/avrxmega7\libc.a(eewr_block_atxmega128a1.o)
 .bss           0x0080221a        0x0 c:/program files/atmel/atmel studio 6.0/extensions/atmel/avrgcc/3.4.0.65/avrtoolchain/bin/../lib/gcc/avr/4.6.2/../../../../avr/lib/avrxmega7\libc.a(eewr_byte_atxmega128a1.o)
 .bss           0x0080221a        0x0 c:/program files/atmel/atmel studio 6.0/extensions/atmel/avrgcc/3.4.0.65/avrtoolchain/bin/../lib/gcc/avr/4.6.2/../../../../avr/lib/avrxmega7\libc.a(memcpy.o)
 .bss           0x0080221a        0x0 c:/program files/atmel/atmel studio 6.0/extensions/atmel/avrgcc/3.4.0.65/avrtoolchain/bin/../lib/gcc/avr/4.6.2/../../../../avr/lib/avrxmega7\libc.a(strrev.o)
 .bss           0x0080221a        0x0 c:/program files/atmel/atmel studio 6.0/extensions/atmel/avrgcc/3.4.0.65/avrtoolchain/bin/../lib/gcc/avr/4.6.2/avrxmega7\libgcc.a(_udivmodhi4.o)
 *(.bss*)
 *(COMMON)
 COMMON         0x0080221a      0x476 adc.o
                0x0080221a                adc_current_offset
                0x0080222a                lcd_console
                0x00802582                STATE_power_channels
                0x00802583                STATE_menu
                0x00802584                STATE_power_output
                0x00802585                adc_results
                0x00802685                adc_head
                0x00802686                adc_bank
                0x00802687                lcd_console_head
                0x00802688                lcd_buffer_dirty
 COMMON         0x00802690       0x2d brain.o
                0x00802690                fp_button_time2
                0x00802691                fp_master_status
                0x00802692                pwr_adj_send_channels
                0x00802693                lcd_flow_reboot
                0x00802694                fp_rot_status
                0x00802695                fp_counter
                0x00802696                fp_button_time1
                0x00802697                pwr_adj_left_right
                0x00802698                pwr_adj_channel_num_in_progress
                0x00802699                lcd_last_touch_command
                0x0080269a                fp_channel_mask
                0x0080269b                quad_state
                0x0080269c                fp_counter2
                0x0080269d                fp_updown
                0x0080269e                quad_count
                0x008026a0                lcd_touch_buffer
                0x008026a7                fp_press_counter
                0x008026a9                fp_button_time0
                0x008026aa                pwr_adj_spi_state
                0x008026ab                lcd_flow_control
                0x008026ac                pwr_adj_channel_dirty
                0x008026ad                pwr_adj_values
 COMMON         0x008026bd     0x1818 uart_buffer.o
                0x008026bd                uart_itail
                0x008026c3                uart_ibuffer
                0x008032c3                uart_head
                0x008032c9                uart_buffer
                0x00803ec9                uart_ihead
                0x00803ecf                uart_tail
 COMMON         0x00803ed5        0x3 ui.o
                0x00803ed5                _audio_volume
                0x00803ed6                _audio_num_beeps
                0x00803ed7                _audio_counter
                0x00803ed8                PROVIDE (__bss_end, .)
                0x00005eea                __data_load_start = LOADADDR (.data)
                0x000060fe                __data_load_end = (__data_load_start + SIZEOF (.data))

.noinit         0x00803ed8        0x0
                0x00803ed8                PROVIDE (__noinit_start, .)
 *(.noinit*)
                0x00803ed8                PROVIDE (__noinit_end, .)
                0x00803ed8                _end = .
                0x00803ed8                PROVIDE (__heap_start, .)

.eeprom         0x00810000       0x11
 *(.eeprom*)
 .eeprom        0x00810000       0x11 eeprom.o
                0x00810000                nv_STATE_power_channels
                0x00810001                nv_pwr_adj_values
                0x00810011                __eeprom_end = .

.fuse
 *(.fuse)
 *(.lfuse)
 *(.hfuse)
 *(.efuse)

.lock
 *(.lock*)

.signature
 *(.signature*)

.stab           0x00000000     0x25a4
 *(.stab)
 .stab          0x00000000      0x714 c:/program files/atmel/atmel studio 6.0/extensions/atmel/avrgcc/3.4.0.65/avrtoolchain/bin/../lib/gcc/avr/4.6.2/../../../../avr/lib/avrxmega7/crtx128a1.o
 .stab          0x00000714       0x90 c:/program files/atmel/atmel studio 6.0/extensions/atmel/avrgcc/3.4.0.65/avrtoolchain/bin/../lib/gcc/avr/4.6.2/../../../../avr/lib/avrxmega7\libm.a(cmpsf2.o)
                                 0x9c (size before relaxing)
 .stab          0x000007a4       0x48 c:/program files/atmel/atmel studio 6.0/extensions/atmel/avrgcc/3.4.0.65/avrtoolchain/bin/../lib/gcc/avr/4.6.2/../../../../avr/lib/avrxmega7\libm.a(divsf3.o)
                                 0x54 (size before relaxing)
 .stab          0x000007ec      0x510 c:/program files/atmel/atmel studio 6.0/extensions/atmel/avrgcc/3.4.0.65/avrtoolchain/bin/../lib/gcc/avr/4.6.2/../../../../avr/lib/avrxmega7\libm.a(divsf3x.o)
                                0x51c (size before relaxing)
 .stab          0x00000cfc       0x6c c:/program files/atmel/atmel studio 6.0/extensions/atmel/avrgcc/3.4.0.65/avrtoolchain/bin/../lib/gcc/avr/4.6.2/../../../../avr/lib/avrxmega7\libm.a(fixsfsi.o)
                                 0x78 (size before relaxing)
 .stab          0x00000d68      0x240 c:/program files/atmel/atmel studio 6.0/extensions/atmel/avrgcc/3.4.0.65/avrtoolchain/bin/../lib/gcc/avr/4.6.2/../../../../avr/lib/avrxmega7\libm.a(fixunssfsi.o)
                                0x24c (size before relaxing)
 .stab          0x00000fa8      0x318 c:/program files/atmel/atmel studio 6.0/extensions/atmel/avrgcc/3.4.0.65/avrtoolchain/bin/../lib/gcc/avr/4.6.2/../../../../avr/lib/avrxmega7\libm.a(floatsisf.o)
                                0x324 (size before relaxing)
 .stab          0x000012c0      0x1e0 c:/program files/atmel/atmel studio 6.0/extensions/atmel/avrgcc/3.4.0.65/avrtoolchain/bin/../lib/gcc/avr/4.6.2/../../../../avr/lib/avrxmega7\libm.a(fp_cmp.o)
                                0x1ec (size before relaxing)
 .stab          0x000014a0       0x78 c:/program files/atmel/atmel studio 6.0/extensions/atmel/avrgcc/3.4.0.65/avrtoolchain/bin/../lib/gcc/avr/4.6.2/../../../../avr/lib/avrxmega7\libm.a(fp_inf.o)
                                 0x84 (size before relaxing)
 .stab          0x00001518       0x54 c:/program files/atmel/atmel studio 6.0/extensions/atmel/avrgcc/3.4.0.65/avrtoolchain/bin/../lib/gcc/avr/4.6.2/../../../../avr/lib/avrxmega7\libm.a(fp_nan.o)
                                 0x60 (size before relaxing)
 .stab          0x0000156c       0x84 c:/program files/atmel/atmel studio 6.0/extensions/atmel/avrgcc/3.4.0.65/avrtoolchain/bin/../lib/gcc/avr/4.6.2/../../../../avr/lib/avrxmega7\libm.a(fp_pscA.o)
                                 0x90 (size before relaxing)
 .stab          0x000015f0       0x84 c:/program files/atmel/atmel studio 6.0/extensions/atmel/avrgcc/3.4.0.65/avrtoolchain/bin/../lib/gcc/avr/4.6.2/../../../../avr/lib/avrxmega7\libm.a(fp_pscB.o)
                                 0x90 (size before relaxing)
 .stab          0x00001674       0xfc c:/program files/atmel/atmel studio 6.0/extensions/atmel/avrgcc/3.4.0.65/avrtoolchain/bin/../lib/gcc/avr/4.6.2/../../../../avr/lib/avrxmega7\libm.a(fp_round.o)
                                0x108 (size before relaxing)
 .stab          0x00001770      0x1d4 c:/program files/atmel/atmel studio 6.0/extensions/atmel/avrgcc/3.4.0.65/avrtoolchain/bin/../lib/gcc/avr/4.6.2/../../../../avr/lib/avrxmega7\libm.a(fp_split3.o)
                                0x1e0 (size before relaxing)
 .stab          0x00001944       0x90 c:/program files/atmel/atmel studio 6.0/extensions/atmel/avrgcc/3.4.0.65/avrtoolchain/bin/../lib/gcc/avr/4.6.2/../../../../avr/lib/avrxmega7\libm.a(fp_zero.o)
                                 0x9c (size before relaxing)
 .stab          0x000019d4       0x48 c:/program files/atmel/atmel studio 6.0/extensions/atmel/avrgcc/3.4.0.65/avrtoolchain/bin/../lib/gcc/avr/4.6.2/../../../../avr/lib/avrxmega7\libm.a(mulsf3.o)
                                 0x54 (size before relaxing)
 .stab          0x00001a1c      0x4d4 c:/program files/atmel/atmel studio 6.0/extensions/atmel/avrgcc/3.4.0.65/avrtoolchain/bin/../lib/gcc/avr/4.6.2/../../../../avr/lib/avrxmega7\libm.a(mulsf3x.o)
                                0x4e0 (size before relaxing)
 .stab          0x00001ef0      0x12c c:/program files/atmel/atmel studio 6.0/extensions/atmel/avrgcc/3.4.0.65/avrtoolchain/bin/../lib/gcc/avr/4.6.2/../../../../avr/lib/avrxmega7\libc.a(utoa.o)
                                0x138 (size before relaxing)
 .stab          0x0000201c       0xb4 c:/program files/atmel/atmel studio 6.0/extensions/atmel/avrgcc/3.4.0.65/avrtoolchain/bin/../lib/gcc/avr/4.6.2/../../../../avr/lib/avrxmega7\libc.a(eerd_block_atxmega128a1.o)
                                 0xc0 (size before relaxing)
 .stab          0x000020d0       0xfc c:/program files/atmel/atmel studio 6.0/extensions/atmel/avrgcc/3.4.0.65/avrtoolchain/bin/../lib/gcc/avr/4.6.2/../../../../avr/lib/avrxmega7\libc.a(eerd_byte_atxmega128a1.o)
                                0x108 (size before relaxing)
 .stab          0x000021cc       0x9c c:/program files/atmel/atmel studio 6.0/extensions/atmel/avrgcc/3.4.0.65/avrtoolchain/bin/../lib/gcc/avr/4.6.2/../../../../avr/lib/avrxmega7\libc.a(eewr_block_atxmega128a1.o)
                                 0xa8 (size before relaxing)
 .stab          0x00002268      0x1e0 c:/program files/atmel/atmel studio 6.0/extensions/atmel/avrgcc/3.4.0.65/avrtoolchain/bin/../lib/gcc/avr/4.6.2/../../../../avr/lib/avrxmega7\libc.a(eewr_byte_atxmega128a1.o)
                                0x1ec (size before relaxing)
 .stab          0x00002448       0x84 c:/program files/atmel/atmel studio 6.0/extensions/atmel/avrgcc/3.4.0.65/avrtoolchain/bin/../lib/gcc/avr/4.6.2/../../../../avr/lib/avrxmega7\libc.a(memcpy.o)
                                 0x90 (size before relaxing)
 .stab          0x000024cc       0xd8 c:/program files/atmel/atmel studio 6.0/extensions/atmel/avrgcc/3.4.0.65/avrtoolchain/bin/../lib/gcc/avr/4.6.2/../../../../avr/lib/avrxmega7\libc.a(strrev.o)
                                 0xe4 (size before relaxing)

.stabstr        0x00000000      0x95f
 *(.stabstr)
 .stabstr       0x00000000      0x95f c:/program files/atmel/atmel studio 6.0/extensions/atmel/avrgcc/3.4.0.65/avrtoolchain/bin/../lib/gcc/avr/4.6.2/../../../../avr/lib/avrxmega7/crtx128a1.o

.stab.excl
 *(.stab.excl)

.stab.exclstr
 *(.stab.exclstr)

.stab.index
 *(.stab.index)

.stab.indexstr
 *(.stab.indexstr)

.comment
 *(.comment)

.debug
 *(.debug)

.line
 *(.line)

.debug_srcinfo
 *(.debug_srcinfo)

.debug_sfnames
 *(.debug_sfnames)

.debug_aranges  0x00000000      0x260
 *(.debug_aranges)
 .debug_aranges
                0x00000000       0x20 adc.o
 .debug_aranges
                0x00000020       0x20 brain.o
 .debug_aranges
                0x00000040       0x20 eeprom.o
 .debug_aranges
                0x00000060       0x20 fp.o
 .debug_aranges
                0x00000080       0x20 lcd.o
 .debug_aranges
                0x000000a0       0x20 lcd_console.o
 .debug_aranges
                0x000000c0       0x20 lcd_touch.o
 .debug_aranges
                0x000000e0       0x20 pwr_adjust.o
 .debug_aranges
                0x00000100       0x20 pwr_main.o
 .debug_aranges
                0x00000120       0x20 main.o
 .debug_aranges
                0x00000140       0x20 quadrature.o
 .debug_aranges
                0x00000160       0x20 thermal.o
 .debug_aranges
                0x00000180       0x20 uart.o
 .debug_aranges
                0x000001a0       0x20 uart_buffer.o
 .debug_aranges
                0x000001c0       0x20 ui.o
 .debug_aranges
                0x000001e0       0x20 c:/program files/atmel/atmel studio 6.0/extensions/atmel/avrgcc/3.4.0.65/avrtoolchain/bin/../lib/gcc/avr/4.6.2/avrxmega7\libgcc.a(_exit.o)
 .debug_aranges
                0x00000200       0x20 c:/program files/atmel/atmel studio 6.0/extensions/atmel/avrgcc/3.4.0.65/avrtoolchain/bin/../lib/gcc/avr/4.6.2/avrxmega7\libgcc.a(_copy_data.o)
 .debug_aranges
                0x00000220       0x20 c:/program files/atmel/atmel studio 6.0/extensions/atmel/avrgcc/3.4.0.65/avrtoolchain/bin/../lib/gcc/avr/4.6.2/avrxmega7\libgcc.a(_clear_bss.o)
 .debug_aranges
                0x00000240       0x20 c:/program files/atmel/atmel studio 6.0/extensions/atmel/avrgcc/3.4.0.65/avrtoolchain/bin/../lib/gcc/avr/4.6.2/avrxmega7\libgcc.a(_udivmodhi4.o)

.debug_pubnames
 *(.debug_pubnames)

.debug_info     0x00000000     0x7658
 *(.debug_info)
 .debug_info    0x00000000      0x8ce adc.o
 .debug_info    0x000008ce      0x7ac brain.o
 .debug_info    0x0000107a      0x1e6 eeprom.o
 .debug_info    0x00001260      0x5ed fp.o
 .debug_info    0x0000184d      0x3e6 lcd.o
 .debug_info    0x00001c33      0x3d1 lcd_console.o
 .debug_info    0x00002004      0x271 lcd_touch.o
 .debug_info    0x00002275      0x734 pwr_adjust.o
 .debug_info    0x000029a9      0x2e6 pwr_main.o
 .debug_info    0x00002c8f      0xd7d main.o
 .debug_info    0x00003a0c      0x2fb quadrature.o
 .debug_info    0x00003d07      0x6d6 thermal.o
 .debug_info    0x000043dd      0x660 uart.o
 .debug_info    0x00004a3d     0x1df8 uart_buffer.o
 .debug_info    0x00006835      0xa9b ui.o
 .debug_info    0x000072d0       0xe2 c:/program files/atmel/atmel studio 6.0/extensions/atmel/avrgcc/3.4.0.65/avrtoolchain/bin/../lib/gcc/avr/4.6.2/avrxmega7\libgcc.a(_exit.o)
 .debug_info    0x000073b2       0xe2 c:/program files/atmel/atmel studio 6.0/extensions/atmel/avrgcc/3.4.0.65/avrtoolchain/bin/../lib/gcc/avr/4.6.2/avrxmega7\libgcc.a(_copy_data.o)
 .debug_info    0x00007494       0xe2 c:/program files/atmel/atmel studio 6.0/extensions/atmel/avrgcc/3.4.0.65/avrtoolchain/bin/../lib/gcc/avr/4.6.2/avrxmega7\libgcc.a(_clear_bss.o)
 .debug_info    0x00007576       0xe2 c:/program files/atmel/atmel studio 6.0/extensions/atmel/avrgcc/3.4.0.65/avrtoolchain/bin/../lib/gcc/avr/4.6.2/avrxmega7\libgcc.a(_udivmodhi4.o)
 *(.gnu.linkonce.wi.*)

.debug_abbrev   0x00000000     0x1450
 *(.debug_abbrev)
 .debug_abbrev  0x00000000      0x1e7 adc.o
 .debug_abbrev  0x000001e7      0x17d brain.o
 .debug_abbrev  0x00000364       0x93 eeprom.o
 .debug_abbrev  0x000003f7      0x163 fp.o
 .debug_abbrev  0x0000055a      0x11b lcd.o
 .debug_abbrev  0x00000675      0x142 lcd_console.o
 .debug_abbrev  0x000007b7       0xe9 lcd_touch.o
 .debug_abbrev  0x000008a0      0x185 pwr_adjust.o
 .debug_abbrev  0x00000a25      0x147 pwr_main.o
 .debug_abbrev  0x00000b6c      0x154 main.o
 .debug_abbrev  0x00000cc0       0xd7 quadrature.o
 .debug_abbrev  0x00000d97       0xc2 thermal.o
 .debug_abbrev  0x00000e59      0x155 uart.o
 .debug_abbrev  0x00000fae      0x2a4 uart_buffer.o
 .debug_abbrev  0x00001252      0x1ae ui.o
 .debug_abbrev  0x00001400       0x14 c:/program files/atmel/atmel studio 6.0/extensions/atmel/avrgcc/3.4.0.65/avrtoolchain/bin/../lib/gcc/avr/4.6.2/avrxmega7\libgcc.a(_exit.o)
 .debug_abbrev  0x00001414       0x14 c:/program files/atmel/atmel studio 6.0/extensions/atmel/avrgcc/3.4.0.65/avrtoolchain/bin/../lib/gcc/avr/4.6.2/avrxmega7\libgcc.a(_copy_data.o)
 .debug_abbrev  0x00001428       0x14 c:/program files/atmel/atmel studio 6.0/extensions/atmel/avrgcc/3.4.0.65/avrtoolchain/bin/../lib/gcc/avr/4.6.2/avrxmega7\libgcc.a(_clear_bss.o)
 .debug_abbrev  0x0000143c       0x14 c:/program files/atmel/atmel studio 6.0/extensions/atmel/avrgcc/3.4.0.65/avrtoolchain/bin/../lib/gcc/avr/4.6.2/avrxmega7\libgcc.a(_udivmodhi4.o)

.debug_line     0x00000000     0x270c
 *(.debug_line)
 .debug_line    0x00000000      0x24d adc.o
 .debug_line    0x0000024d      0x388 brain.o
 .debug_line    0x000005d5       0xfb eeprom.o
 .debug_line    0x000006d0      0x27b fp.o
 .debug_line    0x0000094b      0x210 lcd.o
 .debug_line    0x00000b5b      0x215 lcd_console.o
 .debug_line    0x00000d70      0x19b lcd_touch.o
 .debug_line    0x00000f0b      0x257 pwr_adjust.o
 .debug_line    0x00001162      0x198 pwr_main.o
 .debug_line    0x000012fa      0x23c main.o
 .debug_line    0x00001536      0x1e9 quadrature.o
 .debug_line    0x0000171f       0xdb thermal.o
 .debug_line    0x000017fa      0x2b0 uart.o
 .debug_line    0x00001aaa      0x86f uart_buffer.o
 .debug_line    0x00002319      0x1b0 ui.o
 .debug_line    0x000024c9       0x88 c:/program files/atmel/atmel studio 6.0/extensions/atmel/avrgcc/3.4.0.65/avrtoolchain/bin/../lib/gcc/avr/4.6.2/avrxmega7\libgcc.a(_exit.o)
 .debug_line    0x00002551       0x93 c:/program files/atmel/atmel studio 6.0/extensions/atmel/avrgcc/3.4.0.65/avrtoolchain/bin/../lib/gcc/avr/4.6.2/avrxmega7\libgcc.a(_copy_data.o)
 .debug_line    0x000025e4       0x8e c:/program files/atmel/atmel studio 6.0/extensions/atmel/avrgcc/3.4.0.65/avrtoolchain/bin/../lib/gcc/avr/4.6.2/avrxmega7\libgcc.a(_clear_bss.o)
 .debug_line    0x00002672       0x9a c:/program files/atmel/atmel studio 6.0/extensions/atmel/avrgcc/3.4.0.65/avrtoolchain/bin/../lib/gcc/avr/4.6.2/avrxmega7\libgcc.a(_udivmodhi4.o)

.debug_frame    0x00000000     0x10d4
 *(.debug_frame)
 .debug_frame   0x00000000      0x130 adc.o
 .debug_frame   0x00000130      0x14c brain.o
 .debug_frame   0x0000027c       0x64 eeprom.o
 .debug_frame   0x000002e0       0xc8 fp.o
 .debug_frame   0x000003a8      0x10c lcd.o
 .debug_frame   0x000004b4       0x80 lcd_console.o
 .debug_frame   0x00000534       0x54 lcd_touch.o
 .debug_frame   0x00000588      0x150 pwr_adjust.o
 .debug_frame   0x000006d8       0x54 pwr_main.o
 .debug_frame   0x0000072c       0x44 main.o
 .debug_frame   0x00000770       0xb4 quadrature.o
 .debug_frame   0x00000824       0x24 thermal.o
 .debug_frame   0x00000848      0x1c4 uart.o
 .debug_frame   0x00000a0c      0x618 uart_buffer.o
 .debug_frame   0x00001024       0xb0 ui.o

.debug_str      0x00000000     0x163c
 *(.debug_str)
 .debug_str     0x00000000      0x64b adc.o
                                0x6dd (size before relaxing)
 .debug_str     0x0000064b      0x3df brain.o
                                0x57f (size before relaxing)
 .debug_str     0x00000a2a       0x7a eeprom.o
                                0x1e0 (size before relaxing)
 .debug_str     0x00000aa4       0xcf fp.o
                                0x3c3 (size before relaxing)
 .debug_str     0x00000b73       0x84 lcd.o
                                0x28a (size before relaxing)
 .debug_str     0x00000bf7       0x83 lcd_console.o
                                0x2b7 (size before relaxing)
 .debug_str     0x00000c7a       0x5a lcd_touch.o
                                0x21a (size before relaxing)
 .debug_str     0x00000cd4       0xf0 pwr_adjust.o
                                0x4a1 (size before relaxing)
 .debug_str     0x00000dc4       0x48 pwr_main.o
                                0x202 (size before relaxing)
 .debug_str     0x00000e0c      0x3b2 main.o
                                0x823 (size before relaxing)
 .debug_str     0x000011be       0x61 quadrature.o
                                0x237 (size before relaxing)
 .debug_str     0x0000121f       0x65 thermal.o
                                0x419 (size before relaxing)
 .debug_str     0x00001284      0x10c uart.o
                                0x300 (size before relaxing)
 .debug_str     0x00001390      0x218 uart_buffer.o
                                0x39c (size before relaxing)
 .debug_str     0x000015a8       0x94 ui.o
                                0x4db (size before relaxing)

.debug_loc      0x00000000     0x3e75
 *(.debug_loc)
 .debug_loc     0x00000000      0x47f adc.o
 .debug_loc     0x0000047f      0x233 brain.o
 .debug_loc     0x000006b2      0x1a7 fp.o
 .debug_loc     0x00000859      0x230 lcd.o
 .debug_loc     0x00000a89      0x21b lcd_console.o
 .debug_loc     0x00000ca4       0x72 lcd_touch.o
 .debug_loc     0x00000d16      0x307 pwr_adjust.o
 .debug_loc     0x0000101d       0xab pwr_main.o
 .debug_loc     0x000010c8       0x55 main.o
 .debug_loc     0x0000111d       0xc6 quadrature.o
 .debug_loc     0x000011e3      0xb4d uart.o
 .debug_loc     0x00001d30     0x2026 uart_buffer.o
 .debug_loc     0x00003d56      0x11f ui.o

.debug_macinfo
 *(.debug_macinfo)
OUTPUT(SciPSU4-Firmware.elf elf32-avr)
LOAD linker stubs

.debug_ranges   0x00000000      0x840
 .debug_ranges  0x00000000       0x38 lcd_console.o
 .debug_ranges  0x00000038      0x808 uart_buffer.o
